CRITICAL - 2026-10-02 17:24:45 --> CodeIgniter\View\Exceptions\ViewException: Invalid file: "home/dashboard.php"
[Method: GET, Route: customer-accounts]
in SYSTEMPATH\Exceptions\FrameworkException.php on line 41.
 1 SYSTEMPATH\View\View.php(222): CodeIgniter\Exceptions\FrameworkException::forInvalidFile('home/dashboard.php')
 2 SYSTEMPATH\Common.php(1171): CodeIgniter\View\View->render('home/dashboard', [], true)
 3 APPPATH\Controllers\CustomerAccounts.php(55): view('home/dashboard', [...])
 4 SYSTEMPATH\CodeIgniter.php(933): App\Controllers\CustomerAccounts->index()
 5 SYSTEMPATH\CodeIgniter.php(509): CodeIgniter\CodeIgniter->runController(Object(App\Controllers\CustomerAccounts))
 6 SYSTEMPATH\CodeIgniter.php(355): CodeIgniter\CodeIgniter->handleRequest(null, Object(Config\Cache), false)
 7 SYSTEMPATH\Boot.php(325): CodeIgniter\CodeIgniter->run()
 8 SYSTEMPATH\Boot.php(67): CodeIgniter\Boot::runCodeIgniter(Object(CodeIgniter\CodeIgniter))
 9 FCPATH\index.php(56): CodeIgniter\Boot::bootWeb(Object(Config\Paths))
CRITICAL - 2026-10-02 17:25:34 --> CodeIgniter\View\Exceptions\ViewException: Invalid file: "home/dashboard.php"
[Method: GET, Route: customer-accounts]
in SYSTEMPATH\Exceptions\FrameworkException.php on line 41.
 1 SYSTEMPATH\View\View.php(222): CodeIgniter\Exceptions\FrameworkException::forInvalidFile('home/dashboard.php')
 2 SYSTEMPATH\Common.php(1171): CodeIgniter\View\View->render('home/dashboard', [], true)
 3 APPPATH\Controllers\CustomerAccounts.php(55): view('home/dashboard', [...])
 4 SYSTEMPATH\CodeIgniter.php(933): App\Controllers\CustomerAccounts->index()
 5 SYSTEMPATH\CodeIgniter.php(509): CodeIgniter\CodeIgniter->runController(Object(App\Controllers\CustomerAccounts))
 6 SYSTEMPATH\CodeIgniter.php(355): CodeIgniter\CodeIgniter->handleRequest(null, Object(Config\Cache), false)
 7 SYSTEMPATH\Boot.php(325): CodeIgniter\CodeIgniter->run()
 8 SYSTEMPATH\Boot.php(67): CodeIgniter\Boot::runCodeIgniter(Object(CodeIgniter\CodeIgniter))
 9 FCPATH\index.php(56): CodeIgniter\Boot::bootWeb(Object(Config\Paths))
ERROR - 2026-10-02 18:15:30 --> mysqli_sql_exception: Duplicate entry 'AC-2026-005' for key 'account_number' in C:\xampp\htdocs\electric_demo\system\Database\MySQLi\Connection.php:312
Stack trace:
#0 C:\xampp\htdocs\electric_demo\system\Database\MySQLi\Connection.php(312): mysqli->query('INSERT INTO `cu...', 0)
#1 C:\xampp\htdocs\electric_demo\system\Database\BaseConnection.php(734): CodeIgniter\Database\MySQLi\Connection->execute('INSERT INTO `cu...')
#2 C:\xampp\htdocs\electric_demo\system\Database\BaseConnection.php(648): CodeIgniter\Database\BaseConnection->simpleQuery('INSERT INTO `cu...')
#3 C:\xampp\htdocs\electric_demo\system\Database\BaseBuilder.php(2340): CodeIgniter\Database\BaseConnection->query('INSERT INTO `cu...', Array, false)
#4 C:\xampp\htdocs\electric_demo\system\Model.php(394): CodeIgniter\Database\BaseBuilder->insert()
#5 C:\xampp\htdocs\electric_demo\system\BaseModel.php(840): CodeIgniter\Model->doInsert(Array)
#6 C:\xampp\htdocs\electric_demo\system\Model.php(802): CodeIgniter\BaseModel->insert(Array, true)
#7 C:\xampp\htdocs\electric_demo\app\Controllers\CustomerAccounts.php(90): CodeIgniter\Model->insert(Array)
#8 C:\xampp\htdocs\electric_demo\system\CodeIgniter.php(933): App\Controllers\CustomerAccounts->store()
#9 C:\xampp\htdocs\electric_demo\system\CodeIgniter.php(509): CodeIgniter\CodeIgniter->runController(Object(App\Controllers\CustomerAccounts))
#10 C:\xampp\htdocs\electric_demo\system\CodeIgniter.php(355): CodeIgniter\CodeIgniter->handleRequest(NULL, Object(Config\Cache), false)
#11 C:\xampp\htdocs\electric_demo\system\Boot.php(325): CodeIgniter\CodeIgniter->run()
#12 C:\xampp\htdocs\electric_demo\system\Boot.php(67): CodeIgniter\Boot::runCodeIgniter(Object(CodeIgniter\CodeIgniter))
#13 C:\xampp\htdocs\electric_demo\index.php(56): CodeIgniter\Boot::bootWeb(Object(Config\Paths))
#14 {main}
CRITICAL - 2026-10-02 18:15:30 --> CodeIgniter\Database\Exceptions\DatabaseException: Duplicate entry 'AC-2026-005' for key 'account_number'
[Method: POST, Route: account/store]
in SYSTEMPATH\Database\BaseConnection.php on line 688.
 1 SYSTEMPATH\Database\BaseBuilder.php(2340): CodeIgniter\Database\BaseConnection->query('INSERT INTO `customer_accounts` (`account_number`, `customer_name`, `address`, `phone`, `email`, `meter_number`, `connection_type`, `status`, `created_at`, `updated_at`) VALUES (:account_number:, :customer_name:, :address:, :phone:, :email:, :meter_number:, :connection_type:, :status:, :created_at:, :updated_at:)', [...], false)
 2 SYSTEMPATH\Model.php(394): CodeIgniter\Database\BaseBuilder->insert()
 3 SYSTEMPATH\BaseModel.php(840): CodeIgniter\Model->doInsert([...])
 4 SYSTEMPATH\Model.php(802): CodeIgniter\BaseModel->insert([...], true)
 5 APPPATH\Controllers\CustomerAccounts.php(90): CodeIgniter\Model->insert([...])
 6 SYSTEMPATH\CodeIgniter.php(933): App\Controllers\CustomerAccounts->store()
 7 SYSTEMPATH\CodeIgniter.php(509): CodeIgniter\CodeIgniter->runController(Object(App\Controllers\CustomerAccounts))
 8 SYSTEMPATH\CodeIgniter.php(355): CodeIgniter\CodeIgniter->handleRequest(null, Object(Config\Cache), false)
 9 SYSTEMPATH\Boot.php(325): CodeIgniter\CodeIgniter->run()
10 SYSTEMPATH\Boot.php(67): CodeIgniter\Boot::runCodeIgniter(Object(CodeIgniter\CodeIgniter))
11 FCPATH\index.php(56): CodeIgniter\Boot::bootWeb(Object(Config\Paths))
CRITICAL - 2026-10-02 18:15:30 --> [Caused by] CodeIgniter\Database\Exceptions\DatabaseException: Duplicate entry 'AC-2026-005' for key 'account_number'
in SYSTEMPATH\Database\MySQLi\Connection.php on line 317.
 1 SYSTEMPATH\Database\BaseConnection.php(734): CodeIgniter\Database\MySQLi\Connection->execute('INSERT INTO `customer_accounts` (`account_number`, `customer_name`, `address`, `phone`, `email`, `meter_number`, `connection_type`, `status`, `created_at`, `updated_at`) VALUES (\'AC-2026-005\', \'Yuji Itadori\', \'15 Kundiman, Shibuya\', \'09156734987\', \'yuji@email.com\', \'MTR-10006\', \'industrial\', \'active\', \'2026-10-02 18:15:30\', \'2026-10-02 18:15:30\')')
 2 SYSTEMPATH\Database\BaseConnection.php(648): CodeIgniter\Database\BaseConnection->simpleQuery('INSERT INTO `customer_accounts` (`account_number`, `customer_name`, `address`, `phone`, `email`, `meter_number`, `connection_type`, `status`, `created_at`, `updated_at`) VALUES (\'AC-2026-005\', \'Yuji Itadori\', \'15 Kundiman, Shibuya\', \'09156734987\', \'yuji@email.com\', \'MTR-10006\', \'industrial\', \'active\', \'2026-10-02 18:15:30\', \'2026-10-02 18:15:30\')')
 3 SYSTEMPATH\Database\BaseBuilder.php(2340): CodeIgniter\Database\BaseConnection->query('INSERT INTO `customer_accounts` (`account_number`, `customer_name`, `address`, `phone`, `email`, `meter_number`, `connection_type`, `status`, `created_at`, `updated_at`) VALUES (:account_number:, :customer_name:, :address:, :phone:, :email:, :meter_number:, :connection_type:, :status:, :created_at:, :updated_at:)', [...], false)
 4 SYSTEMPATH\Model.php(394): CodeIgniter\Database\BaseBuilder->insert()
 5 SYSTEMPATH\BaseModel.php(840): CodeIgniter\Model->doInsert([...])
 6 SYSTEMPATH\Model.php(802): CodeIgniter\BaseModel->insert([...], true)
 7 APPPATH\Controllers\CustomerAccounts.php(90): CodeIgniter\Model->insert([...])
 8 SYSTEMPATH\CodeIgniter.php(933): App\Controllers\CustomerAccounts->store()
 9 SYSTEMPATH\CodeIgniter.php(509): CodeIgniter\CodeIgniter->runController(Object(App\Controllers\CustomerAccounts))
10 SYSTEMPATH\CodeIgniter.php(355): CodeIgniter\CodeIgniter->handleRequest(null, Object(Config\Cache), false)
11 SYSTEMPATH\Boot.php(325): CodeIgniter\CodeIgniter->run()
12 SYSTEMPATH\Boot.php(67): CodeIgniter\Boot::runCodeIgniter(Object(CodeIgniter\CodeIgniter))
13 FCPATH\index.php(56): CodeIgniter\Boot::bootWeb(Object(Config\Paths))
CRITICAL - 2026-10-02 18:15:30 --> [Caused by] mysqli_sql_exception: Duplicate entry 'AC-2026-005' for key 'account_number'
in SYSTEMPATH\Database\MySQLi\Connection.php on line 312.
 1 SYSTEMPATH\Database\MySQLi\Connection.php(312): mysqli->query('INSERT INTO `customer_accounts` (`account_number`, `customer_name`, `address`, `phone`, `email`, `meter_number`, `connection_type`, `status`, `created_at`, `updated_at`) VALUES (\'AC-2026-005\', \'Yuji Itadori\', \'15 Kundiman, Shibuya\', \'09156734987\', \'yuji@email.com\', \'MTR-10006\', \'industrial\', \'active\', \'2026-10-02 18:15:30\', \'2026-10-02 18:15:30\')', 0)
 2 SYSTEMPATH\Database\BaseConnection.php(734): CodeIgniter\Database\MySQLi\Connection->execute('INSERT INTO `customer_accounts` (`account_number`, `customer_name`, `address`, `phone`, `email`, `meter_number`, `connection_type`, `status`, `created_at`, `updated_at`) VALUES (\'AC-2026-005\', \'Yuji Itadori\', \'15 Kundiman, Shibuya\', \'09156734987\', \'yuji@email.com\', \'MTR-10006\', \'industrial\', \'active\', \'2026-10-02 18:15:30\', \'2026-10-02 18:15:30\')')
 3 SYSTEMPATH\Database\BaseConnection.php(648): CodeIgniter\Database\BaseConnection->simpleQuery('INSERT INTO `customer_accounts` (`account_number`, `customer_name`, `address`, `phone`, `email`, `meter_number`, `connection_type`, `status`, `created_at`, `updated_at`) VALUES (\'AC-2026-005\', \'Yuji Itadori\', \'15 Kundiman, Shibuya\', \'09156734987\', \'yuji@email.com\', \'MTR-10006\', \'industrial\', \'active\', \'2026-10-02 18:15:30\', \'2026-10-02 18:15:30\')')
 4 SYSTEMPATH\Database\BaseBuilder.php(2340): CodeIgniter\Database\BaseConnection->query('INSERT INTO `customer_accounts` (`account_number`, `customer_name`, `address`, `phone`, `email`, `meter_number`, `connection_type`, `status`, `created_at`, `updated_at`) VALUES (:account_number:, :customer_name:, :address:, :phone:, :email:, :meter_number:, :connection_type:, :status:, :created_at:, :updated_at:)', [...], false)
 5 SYSTEMPATH\Model.php(394): CodeIgniter\Database\BaseBuilder->insert()
 6 SYSTEMPATH\BaseModel.php(840): CodeIgniter\Model->doInsert([...])
 7 SYSTEMPATH\Model.php(802): CodeIgniter\BaseModel->insert([...], true)
 8 APPPATH\Controllers\CustomerAccounts.php(90): CodeIgniter\Model->insert([...])
 9 SYSTEMPATH\CodeIgniter.php(933): App\Controllers\CustomerAccounts->store()
10 SYSTEMPATH\CodeIgniter.php(509): CodeIgniter\CodeIgniter->runController(Object(App\Controllers\CustomerAccounts))
11 SYSTEMPATH\CodeIgniter.php(355): CodeIgniter\CodeIgniter->handleRequest(null, Object(Config\Cache), false)
12 SYSTEMPATH\Boot.php(325): CodeIgniter\CodeIgniter->run()
13 SYSTEMPATH\Boot.php(67): CodeIgniter\Boot::runCodeIgniter(Object(CodeIgniter\CodeIgniter))
14 FCPATH\index.php(56): CodeIgniter\Boot::bootWeb(Object(Config\Paths))
ERROR - 2026-10-02 18:15:46 --> mysqli_sql_exception: Duplicate entry 'AC-2026-005' for key 'account_number' in C:\xampp\htdocs\electric_demo\system\Database\MySQLi\Connection.php:312
Stack trace:
#0 C:\xampp\htdocs\electric_demo\system\Database\MySQLi\Connection.php(312): mysqli->query('INSERT INTO `cu...', 0)
#1 C:\xampp\htdocs\electric_demo\system\Database\BaseConnection.php(734): CodeIgniter\Database\MySQLi\Connection->execute('INSERT INTO `cu...')
#2 C:\xampp\htdocs\electric_demo\system\Database\BaseConnection.php(648): CodeIgniter\Database\BaseConnection->simpleQuery('INSERT INTO `cu...')
#3 C:\xampp\htdocs\electric_demo\system\Database\BaseBuilder.php(2340): CodeIgniter\Database\BaseConnection->query('INSERT INTO `cu...', Array, false)
#4 C:\xampp\htdocs\electric_demo\system\Model.php(394): CodeIgniter\Database\BaseBuilder->insert()
#5 C:\xampp\htdocs\electric_demo\system\BaseModel.php(840): CodeIgniter\Model->doInsert(Array)
#6 C:\xampp\htdocs\electric_demo\system\Model.php(802): CodeIgniter\BaseModel->insert(Array, true)
#7 C:\xampp\htdocs\electric_demo\app\Controllers\CustomerAccounts.php(90): CodeIgniter\Model->insert(Array)
#8 C:\xampp\htdocs\electric_demo\system\CodeIgniter.php(933): App\Controllers\CustomerAccounts->store()
#9 C:\xampp\htdocs\electric_demo\system\CodeIgniter.php(509): CodeIgniter\CodeIgniter->runController(Object(App\Controllers\CustomerAccounts))
#10 C:\xampp\htdocs\electric_demo\system\CodeIgniter.php(355): CodeIgniter\CodeIgniter->handleRequest(NULL, Object(Config\Cache), false)
#11 C:\xampp\htdocs\electric_demo\system\Boot.php(325): CodeIgniter\CodeIgniter->run()
#12 C:\xampp\htdocs\electric_demo\system\Boot.php(67): CodeIgniter\Boot::runCodeIgniter(Object(CodeIgniter\CodeIgniter))
#13 C:\xampp\htdocs\electric_demo\index.php(56): CodeIgniter\Boot::bootWeb(Object(Config\Paths))
#14 {main}
CRITICAL - 2026-10-02 18:15:46 --> CodeIgniter\Database\Exceptions\DatabaseException: Duplicate entry 'AC-2026-005' for key 'account_number'
[Method: POST, Route: account/store]
in SYSTEMPATH\Database\BaseConnection.php on line 688.
 1 SYSTEMPATH\Database\BaseBuilder.php(2340): CodeIgniter\Database\BaseConnection->query('INSERT INTO `customer_accounts` (`account_number`, `customer_name`, `address`, `phone`, `email`, `meter_number`, `connection_type`, `status`, `created_at`, `updated_at`) VALUES (:account_number:, :customer_name:, :address:, :phone:, :email:, :meter_number:, :connection_type:, :status:, :created_at:, :updated_at:)', [...], false)
 2 SYSTEMPATH\Model.php(394): CodeIgniter\Database\BaseBuilder->insert()
 3 SYSTEMPATH\BaseModel.php(840): CodeIgniter\Model->doInsert([...])
 4 SYSTEMPATH\Model.php(802): CodeIgniter\BaseModel->insert([...], true)
 5 APPPATH\Controllers\CustomerAccounts.php(90): CodeIgniter\Model->insert([...])
 6 SYSTEMPATH\CodeIgniter.php(933): App\Controllers\CustomerAccounts->store()
 7 SYSTEMPATH\CodeIgniter.php(509): CodeIgniter\CodeIgniter->runController(Object(App\Controllers\CustomerAccounts))
 8 SYSTEMPATH\CodeIgniter.php(355): CodeIgniter\CodeIgniter->handleRequest(null, Object(Config\Cache), false)
 9 SYSTEMPATH\Boot.php(325): CodeIgniter\CodeIgniter->run()
10 SYSTEMPATH\Boot.php(67): CodeIgniter\Boot::runCodeIgniter(Object(CodeIgniter\CodeIgniter))
11 FCPATH\index.php(56): CodeIgniter\Boot::bootWeb(Object(Config\Paths))
CRITICAL - 2026-10-02 18:15:46 --> [Caused by] CodeIgniter\Database\Exceptions\DatabaseException: Duplicate entry 'AC-2026-005' for key 'account_number'
in SYSTEMPATH\Database\MySQLi\Connection.php on line 317.
 1 SYSTEMPATH\Database\BaseConnection.php(734): CodeIgniter\Database\MySQLi\Connection->execute('INSERT INTO `customer_accounts` (`account_number`, `customer_name`, `address`, `phone`, `email`, `meter_number`, `connection_type`, `status`, `created_at`, `updated_at`) VALUES (\'AC-2026-005\', \'Yuji Itadori\', \'15 Kundiman, Shibuya\', \'09156734987\', \'yuji@email.com\', \'MTR-10006\', \'industrial\', \'active\', \'2026-10-02 18:15:46\', \'2026-10-02 18:15:46\')')
 2 SYSTEMPATH\Database\BaseConnection.php(648): CodeIgniter\Database\BaseConnection->simpleQuery('INSERT INTO `customer_accounts` (`account_number`, `customer_name`, `address`, `phone`, `email`, `meter_number`, `connection_type`, `status`, `created_at`, `updated_at`) VALUES (\'AC-2026-005\', \'Yuji Itadori\', \'15 Kundiman, Shibuya\', \'09156734987\', \'yuji@email.com\', \'MTR-10006\', \'industrial\', \'active\', \'2026-10-02 18:15:46\', \'2026-10-02 18:15:46\')')
 3 SYSTEMPATH\Database\BaseBuilder.php(2340): CodeIgniter\Database\BaseConnection->query('INSERT INTO `customer_accounts` (`account_number`, `customer_name`, `address`, `phone`, `email`, `meter_number`, `connection_type`, `status`, `created_at`, `updated_at`) VALUES (:account_number:, :customer_name:, :address:, :phone:, :email:, :meter_number:, :connection_type:, :status:, :created_at:, :updated_at:)', [...], false)
 4 SYSTEMPATH\Model.php(394): CodeIgniter\Database\BaseBuilder->insert()
 5 SYSTEMPATH\BaseModel.php(840): CodeIgniter\Model->doInsert([...])
 6 SYSTEMPATH\Model.php(802): CodeIgniter\BaseModel->insert([...], true)
 7 APPPATH\Controllers\CustomerAccounts.php(90): CodeIgniter\Model->insert([...])
 8 SYSTEMPATH\CodeIgniter.php(933): App\Controllers\CustomerAccounts->store()
 9 SYSTEMPATH\CodeIgniter.php(509): CodeIgniter\CodeIgniter->runController(Object(App\Controllers\CustomerAccounts))
10 SYSTEMPATH\CodeIgniter.php(355): CodeIgniter\CodeIgniter->handleRequest(null, Object(Config\Cache), false)
11 SYSTEMPATH\Boot.php(325): CodeIgniter\CodeIgniter->run()
12 SYSTEMPATH\Boot.php(67): CodeIgniter\Boot::runCodeIgniter(Object(CodeIgniter\CodeIgniter))
13 FCPATH\index.php(56): CodeIgniter\Boot::bootWeb(Object(Config\Paths))
CRITICAL - 2026-10-02 18:15:46 --> [Caused by] mysqli_sql_exception: Duplicate entry 'AC-2026-005' for key 'account_number'
in SYSTEMPATH\Database\MySQLi\Connection.php on line 312.
 1 SYSTEMPATH\Database\MySQLi\Connection.php(312): mysqli->query('INSERT INTO `customer_accounts` (`account_number`, `customer_name`, `address`, `phone`, `email`, `meter_number`, `connection_type`, `status`, `created_at`, `updated_at`) VALUES (\'AC-2026-005\', \'Yuji Itadori\', \'15 Kundiman, Shibuya\', \'09156734987\', \'yuji@email.com\', \'MTR-10006\', \'industrial\', \'active\', \'2026-10-02 18:15:46\', \'2026-10-02 18:15:46\')', 0)
 2 SYSTEMPATH\Database\BaseConnection.php(734): CodeIgniter\Database\MySQLi\Connection->execute('INSERT INTO `customer_accounts` (`account_number`, `customer_name`, `address`, `phone`, `email`, `meter_number`, `connection_type`, `status`, `created_at`, `updated_at`) VALUES (\'AC-2026-005\', \'Yuji Itadori\', \'15 Kundiman, Shibuya\', \'09156734987\', \'yuji@email.com\', \'MTR-10006\', \'industrial\', \'active\', \'2026-10-02 18:15:46\', \'2026-10-02 18:15:46\')')
 3 SYSTEMPATH\Database\BaseConnection.php(648): CodeIgniter\Database\BaseConnection->simpleQuery('INSERT INTO `customer_accounts` (`account_number`, `customer_name`, `address`, `phone`, `email`, `meter_number`, `connection_type`, `status`, `created_at`, `updated_at`) VALUES (\'AC-2026-005\', \'Yuji Itadori\', \'15 Kundiman, Shibuya\', \'09156734987\', \'yuji@email.com\', \'MTR-10006\', \'industrial\', \'active\', \'2026-10-02 18:15:46\', \'2026-10-02 18:15:46\')')
 4 SYSTEMPATH\Database\BaseBuilder.php(2340): CodeIgniter\Database\BaseConnection->query('INSERT INTO `customer_accounts` (`account_number`, `customer_name`, `address`, `phone`, `email`, `meter_number`, `connection_type`, `status`, `created_at`, `updated_at`) VALUES (:account_number:, :customer_name:, :address:, :phone:, :email:, :meter_number:, :connection_type:, :status:, :created_at:, :updated_at:)', [...], false)
 5 SYSTEMPATH\Model.php(394): CodeIgniter\Database\BaseBuilder->insert()
 6 SYSTEMPATH\BaseModel.php(840): CodeIgniter\Model->doInsert([...])
 7 SYSTEMPATH\Model.php(802): CodeIgniter\BaseModel->insert([...], true)
 8 APPPATH\Controllers\CustomerAccounts.php(90): CodeIgniter\Model->insert([...])
 9 SYSTEMPATH\CodeIgniter.php(933): App\Controllers\CustomerAccounts->store()
10 SYSTEMPATH\CodeIgniter.php(509): CodeIgniter\CodeIgniter->runController(Object(App\Controllers\CustomerAccounts))
11 SYSTEMPATH\CodeIgniter.php(355): CodeIgniter\CodeIgniter->handleRequest(null, Object(Config\Cache), false)
12 SYSTEMPATH\Boot.php(325): CodeIgniter\CodeIgniter->run()
13 SYSTEMPATH\Boot.php(67): CodeIgniter\Boot::runCodeIgniter(Object(CodeIgniter\CodeIgniter))
14 FCPATH\index.php(56): CodeIgniter\Boot::bootWeb(Object(Config\Paths))
ERROR - 2026-10-02 18:21:36 --> mysqli_sql_exception: Duplicate entry 'AC-2026-005' for key 'account_number' in C:\xampp\htdocs\electric_demo\system\Database\MySQLi\Connection.php:312
Stack trace:
#0 C:\xampp\htdocs\electric_demo\system\Database\MySQLi\Connection.php(312): mysqli->query('INSERT INTO `cu...', 0)
#1 C:\xampp\htdocs\electric_demo\system\Database\BaseConnection.php(734): CodeIgniter\Database\MySQLi\Connection->execute('INSERT INTO `cu...')
#2 C:\xampp\htdocs\electric_demo\system\Database\BaseConnection.php(648): CodeIgniter\Database\BaseConnection->simpleQuery('INSERT INTO `cu...')
#3 C:\xampp\htdocs\electric_demo\system\Database\BaseBuilder.php(2340): CodeIgniter\Database\BaseConnection->query('INSERT INTO `cu...', Array, false)
#4 C:\xampp\htdocs\electric_demo\system\Model.php(394): CodeIgniter\Database\BaseBuilder->insert()
#5 C:\xampp\htdocs\electric_demo\system\BaseModel.php(840): CodeIgniter\Model->doInsert(Array)
#6 C:\xampp\htdocs\electric_demo\system\Model.php(802): CodeIgniter\BaseModel->insert(Array, true)
#7 C:\xampp\htdocs\electric_demo\app\Controllers\CustomerAccounts.php(90): CodeIgniter\Model->insert(Array)
#8 C:\xampp\htdocs\electric_demo\system\CodeIgniter.php(933): App\Controllers\CustomerAccounts->store()
#9 C:\xampp\htdocs\electric_demo\system\CodeIgniter.php(509): CodeIgniter\CodeIgniter->runController(Object(App\Controllers\CustomerAccounts))
#10 C:\xampp\htdocs\electric_demo\system\CodeIgniter.php(355): CodeIgniter\CodeIgniter->handleRequest(NULL, Object(Config\Cache), false)
#11 C:\xampp\htdocs\electric_demo\system\Boot.php(325): CodeIgniter\CodeIgniter->run()
#12 C:\xampp\htdocs\electric_demo\system\Boot.php(67): CodeIgniter\Boot::runCodeIgniter(Object(CodeIgniter\CodeIgniter))
#13 C:\xampp\htdocs\electric_demo\index.php(56): CodeIgniter\Boot::bootWeb(Object(Config\Paths))
#14 {main}
CRITICAL - 2026-10-02 18:21:36 --> CodeIgniter\Database\Exceptions\DatabaseException: Duplicate entry 'AC-2026-005' for key 'account_number'
[Method: POST, Route: account/store]
in SYSTEMPATH\Database\BaseConnection.php on line 688.
 1 SYSTEMPATH\Database\BaseBuilder.php(2340): CodeIgniter\Database\BaseConnection->query('INSERT INTO `customer_accounts` (`account_number`, `customer_name`, `address`, `phone`, `email`, `meter_number`, `connection_type`, `status`, `created_at`, `updated_at`) VALUES (:account_number:, :customer_name:, :address:, :phone:, :email:, :meter_number:, :connection_type:, :status:, :created_at:, :updated_at:)', [...], false)
 2 SYSTEMPATH\Model.php(394): CodeIgniter\Database\BaseBuilder->insert()
 3 SYSTEMPATH\BaseModel.php(840): CodeIgniter\Model->doInsert([...])
 4 SYSTEMPATH\Model.php(802): CodeIgniter\BaseModel->insert([...], true)
 5 APPPATH\Controllers\CustomerAccounts.php(90): CodeIgniter\Model->insert([...])
 6 SYSTEMPATH\CodeIgniter.php(933): App\Controllers\CustomerAccounts->store()
 7 SYSTEMPATH\CodeIgniter.php(509): CodeIgniter\CodeIgniter->runController(Object(App\Controllers\CustomerAccounts))
 8 SYSTEMPATH\CodeIgniter.php(355): CodeIgniter\CodeIgniter->handleRequest(null, Object(Config\Cache), false)
 9 SYSTEMPATH\Boot.php(325): CodeIgniter\CodeIgniter->run()
10 SYSTEMPATH\Boot.php(67): CodeIgniter\Boot::runCodeIgniter(Object(CodeIgniter\CodeIgniter))
11 FCPATH\index.php(56): CodeIgniter\Boot::bootWeb(Object(Config\Paths))
CRITICAL - 2026-10-02 18:21:36 --> [Caused by] CodeIgniter\Database\Exceptions\DatabaseException: Duplicate entry 'AC-2026-005' for key 'account_number'
in SYSTEMPATH\Database\MySQLi\Connection.php on line 317.
 1 SYSTEMPATH\Database\BaseConnection.php(734): CodeIgniter\Database\MySQLi\Connection->execute('INSERT INTO `customer_accounts` (`account_number`, `customer_name`, `address`, `phone`, `email`, `meter_number`, `connection_type`, `status`, `created_at`, `updated_at`) VALUES (\'AC-2026-005\', \'Mikasa Ackerman\', \'22Divine, Tokyo\', \'09187634990\', \'mikasa@email.com\', \'MTR-10008\', \'residential\', \'inactive\', \'2026-10-02 18:21:36\', \'2026-10-02 18:21:36\')')
 2 SYSTEMPATH\Database\BaseConnection.php(648): CodeIgniter\Database\BaseConnection->simpleQuery('INSERT INTO `customer_accounts` (`account_number`, `customer_name`, `address`, `phone`, `email`, `meter_number`, `connection_type`, `status`, `created_at`, `updated_at`) VALUES (\'AC-2026-005\', \'Mikasa Ackerman\', \'22Divine, Tokyo\', \'09187634990\', \'mikasa@email.com\', \'MTR-10008\', \'residential\', \'inactive\', \'2026-10-02 18:21:36\', \'2026-10-02 18:21:36\')')
 3 SYSTEMPATH\Database\BaseBuilder.php(2340): CodeIgniter\Database\BaseConnection->query('INSERT INTO `customer_accounts` (`account_number`, `customer_name`, `address`, `phone`, `email`, `meter_number`, `connection_type`, `status`, `created_at`, `updated_at`) VALUES (:account_number:, :customer_name:, :address:, :phone:, :email:, :meter_number:, :connection_type:, :status:, :created_at:, :updated_at:)', [...], false)
 4 SYSTEMPATH\Model.php(394): CodeIgniter\Database\BaseBuilder->insert()
 5 SYSTEMPATH\BaseModel.php(840): CodeIgniter\Model->doInsert([...])
 6 SYSTEMPATH\Model.php(802): CodeIgniter\BaseModel->insert([...], true)
 7 APPPATH\Controllers\CustomerAccounts.php(90): CodeIgniter\Model->insert([...])
 8 SYSTEMPATH\CodeIgniter.php(933): App\Controllers\CustomerAccounts->store()
 9 SYSTEMPATH\CodeIgniter.php(509): CodeIgniter\CodeIgniter->runController(Object(App\Controllers\CustomerAccounts))
10 SYSTEMPATH\CodeIgniter.php(355): CodeIgniter\CodeIgniter->handleRequest(null, Object(Config\Cache), false)
11 SYSTEMPATH\Boot.php(325): CodeIgniter\CodeIgniter->run()
12 SYSTEMPATH\Boot.php(67): CodeIgniter\Boot::runCodeIgniter(Object(CodeIgniter\CodeIgniter))
13 FCPATH\index.php(56): CodeIgniter\Boot::bootWeb(Object(Config\Paths))
CRITICAL - 2026-10-02 18:21:36 --> [Caused by] mysqli_sql_exception: Duplicate entry 'AC-2026-005' for key 'account_number'
in SYSTEMPATH\Database\MySQLi\Connection.php on line 312.
 1 SYSTEMPATH\Database\MySQLi\Connection.php(312): mysqli->query('INSERT INTO `customer_accounts` (`account_number`, `customer_name`, `address`, `phone`, `email`, `meter_number`, `connection_type`, `status`, `created_at`, `updated_at`) VALUES (\'AC-2026-005\', \'Mikasa Ackerman\', \'22Divine, Tokyo\', \'09187634990\', \'mikasa@email.com\', \'MTR-10008\', \'residential\', \'inactive\', \'2026-10-02 18:21:36\', \'2026-10-02 18:21:36\')', 0)
 2 SYSTEMPATH\Database\BaseConnection.php(734): CodeIgniter\Database\MySQLi\Connection->execute('INSERT INTO `customer_accounts` (`account_number`, `customer_name`, `address`, `phone`, `email`, `meter_number`, `connection_type`, `status`, `created_at`, `updated_at`) VALUES (\'AC-2026-005\', \'Mikasa Ackerman\', \'22Divine, Tokyo\', \'09187634990\', \'mikasa@email.com\', \'MTR-10008\', \'residential\', \'inactive\', \'2026-10-02 18:21:36\', \'2026-10-02 18:21:36\')')
 3 SYSTEMPATH\Database\BaseConnection.php(648): CodeIgniter\Database\BaseConnection->simpleQuery('INSERT INTO `customer_accounts` (`account_number`, `customer_name`, `address`, `phone`, `email`, `meter_number`, `connection_type`, `status`, `created_at`, `updated_at`) VALUES (\'AC-2026-005\', \'Mikasa Ackerman\', \'22Divine, Tokyo\', \'09187634990\', \'mikasa@email.com\', \'MTR-10008\', \'residential\', \'inactive\', \'2026-10-02 18:21:36\', \'2026-10-02 18:21:36\')')
 4 SYSTEMPATH\Database\BaseBuilder.php(2340): CodeIgniter\Database\BaseConnection->query('INSERT INTO `customer_accounts` (`account_number`, `customer_name`, `address`, `phone`, `email`, `meter_number`, `connection_type`, `status`, `created_at`, `updated_at`) VALUES (:account_number:, :customer_name:, :address:, :phone:, :email:, :meter_number:, :connection_type:, :status:, :created_at:, :updated_at:)', [...], false)
 5 SYSTEMPATH\Model.php(394): CodeIgniter\Database\BaseBuilder->insert()
 6 SYSTEMPATH\BaseModel.php(840): CodeIgniter\Model->doInsert([...])
 7 SYSTEMPATH\Model.php(802): CodeIgniter\BaseModel->insert([...], true)
 8 APPPATH\Controllers\CustomerAccounts.php(90): CodeIgniter\Model->insert([...])
 9 SYSTEMPATH\CodeIgniter.php(933): App\Controllers\CustomerAccounts->store()
10 SYSTEMPATH\CodeIgniter.php(509): CodeIgniter\CodeIgniter->runController(Object(App\Controllers\CustomerAccounts))
11 SYSTEMPATH\CodeIgniter.php(355): CodeIgniter\CodeIgniter->handleRequest(null, Object(Config\Cache), false)
12 SYSTEMPATH\Boot.php(325): CodeIgniter\CodeIgniter->run()
13 SYSTEMPATH\Boot.php(67): CodeIgniter\Boot::runCodeIgniter(Object(CodeIgniter\CodeIgniter))
14 FCPATH\index.php(56): CodeIgniter\Boot::bootWeb(Object(Config\Paths))
ERROR - 2026-10-02 18:22:44 --> mysqli_sql_exception: Duplicate entry 'AC-2026-005' for key 'account_number' in C:\xampp\htdocs\electric_demo\system\Database\MySQLi\Connection.php:312
Stack trace:
#0 C:\xampp\htdocs\electric_demo\system\Database\MySQLi\Connection.php(312): mysqli->query('INSERT INTO `cu...', 0)
#1 C:\xampp\htdocs\electric_demo\system\Database\BaseConnection.php(734): CodeIgniter\Database\MySQLi\Connection->execute('INSERT INTO `cu...')
#2 C:\xampp\htdocs\electric_demo\system\Database\BaseConnection.php(648): CodeIgniter\Database\BaseConnection->simpleQuery('INSERT INTO `cu...')
#3 C:\xampp\htdocs\electric_demo\system\Database\BaseBuilder.php(2340): CodeIgniter\Database\BaseConnection->query('INSERT INTO `cu...', Array, false)
#4 C:\xampp\htdocs\electric_demo\system\Model.php(394): CodeIgniter\Database\BaseBuilder->insert()
#5 C:\xampp\htdocs\electric_demo\system\BaseModel.php(840): CodeIgniter\Model->doInsert(Array)
#6 C:\xampp\htdocs\electric_demo\system\Model.php(802): CodeIgniter\BaseModel->insert(Array, true)
#7 C:\xampp\htdocs\electric_demo\app\Controllers\CustomerAccounts.php(90): CodeIgniter\Model->insert(Array)
#8 C:\xampp\htdocs\electric_demo\system\CodeIgniter.php(933): App\Controllers\CustomerAccounts->store()
#9 C:\xampp\htdocs\electric_demo\system\CodeIgniter.php(509): CodeIgniter\CodeIgniter->runController(Object(App\Controllers\CustomerAccounts))
#10 C:\xampp\htdocs\electric_demo\system\CodeIgniter.php(355): CodeIgniter\CodeIgniter->handleRequest(NULL, Object(Config\Cache), false)
#11 C:\xampp\htdocs\electric_demo\system\Boot.php(325): CodeIgniter\CodeIgniter->run()
#12 C:\xampp\htdocs\electric_demo\system\Boot.php(67): CodeIgniter\Boot::runCodeIgniter(Object(CodeIgniter\CodeIgniter))
#13 C:\xampp\htdocs\electric_demo\index.php(56): CodeIgniter\Boot::bootWeb(Object(Config\Paths))
#14 {main}
CRITICAL - 2026-10-02 18:22:44 --> CodeIgniter\Database\Exceptions\DatabaseException: Duplicate entry 'AC-2026-005' for key 'account_number'
[Method: POST, Route: account/store]
in SYSTEMPATH\Database\BaseConnection.php on line 688.
 1 SYSTEMPATH\Database\BaseBuilder.php(2340): CodeIgniter\Database\BaseConnection->query('INSERT INTO `customer_accounts` (`account_number`, `customer_name`, `address`, `phone`, `email`, `meter_number`, `connection_type`, `status`, `created_at`, `updated_at`) VALUES (:account_number:, :customer_name:, :address:, :phone:, :email:, :meter_number:, :connection_type:, :status:, :created_at:, :updated_at:)', [...], false)
 2 SYSTEMPATH\Model.php(394): CodeIgniter\Database\BaseBuilder->insert()
 3 SYSTEMPATH\BaseModel.php(840): CodeIgniter\Model->doInsert([...])
 4 SYSTEMPATH\Model.php(802): CodeIgniter\BaseModel->insert([...], true)
 5 APPPATH\Controllers\CustomerAccounts.php(90): CodeIgniter\Model->insert([...])
 6 SYSTEMPATH\CodeIgniter.php(933): App\Controllers\CustomerAccounts->store()
 7 SYSTEMPATH\CodeIgniter.php(509): CodeIgniter\CodeIgniter->runController(Object(App\Controllers\CustomerAccounts))
 8 SYSTEMPATH\CodeIgniter.php(355): CodeIgniter\CodeIgniter->handleRequest(null, Object(Config\Cache), false)
 9 SYSTEMPATH\Boot.php(325): CodeIgniter\CodeIgniter->run()
10 SYSTEMPATH\Boot.php(67): CodeIgniter\Boot::runCodeIgniter(Object(CodeIgniter\CodeIgniter))
11 FCPATH\index.php(56): CodeIgniter\Boot::bootWeb(Object(Config\Paths))
CRITICAL - 2026-10-02 18:22:44 --> [Caused by] CodeIgniter\Database\Exceptions\DatabaseException: Duplicate entry 'AC-2026-005' for key 'account_number'
in SYSTEMPATH\Database\MySQLi\Connection.php on line 317.
 1 SYSTEMPATH\Database\BaseConnection.php(734): CodeIgniter\Database\MySQLi\Connection->execute('INSERT INTO `customer_accounts` (`account_number`, `customer_name`, `address`, `phone`, `email`, `meter_number`, `connection_type`, `status`, `created_at`, `updated_at`) VALUES (\'AC-2026-005\', \'Mikasa Ackerman\', \'22Divine, Tokyo\', \'09187634990\', \'mikasa@email.com\', \'MTR-10008\', \'residential\', \'inactive\', \'2026-10-02 18:22:44\', \'2026-10-02 18:22:44\')')
 2 SYSTEMPATH\Database\BaseConnection.php(648): CodeIgniter\Database\BaseConnection->simpleQuery('INSERT INTO `customer_accounts` (`account_number`, `customer_name`, `address`, `phone`, `email`, `meter_number`, `connection_type`, `status`, `created_at`, `updated_at`) VALUES (\'AC-2026-005\', \'Mikasa Ackerman\', \'22Divine, Tokyo\', \'09187634990\', \'mikasa@email.com\', \'MTR-10008\', \'residential\', \'inactive\', \'2026-10-02 18:22:44\', \'2026-10-02 18:22:44\')')
 3 SYSTEMPATH\Database\BaseBuilder.php(2340): CodeIgniter\Database\BaseConnection->query('INSERT INTO `customer_accounts` (`account_number`, `customer_name`, `address`, `phone`, `email`, `meter_number`, `connection_type`, `status`, `created_at`, `updated_at`) VALUES (:account_number:, :customer_name:, :address:, :phone:, :email:, :meter_number:, :connection_type:, :status:, :created_at:, :updated_at:)', [...], false)
 4 SYSTEMPATH\Model.php(394): CodeIgniter\Database\BaseBuilder->insert()
 5 SYSTEMPATH\BaseModel.php(840): CodeIgniter\Model->doInsert([...])
 6 SYSTEMPATH\Model.php(802): CodeIgniter\BaseModel->insert([...], true)
 7 APPPATH\Controllers\CustomerAccounts.php(90): CodeIgniter\Model->insert([...])
 8 SYSTEMPATH\CodeIgniter.php(933): App\Controllers\CustomerAccounts->store()
 9 SYSTEMPATH\CodeIgniter.php(509): CodeIgniter\CodeIgniter->runController(Object(App\Controllers\CustomerAccounts))
10 SYSTEMPATH\CodeIgniter.php(355): CodeIgniter\CodeIgniter->handleRequest(null, Object(Config\Cache), false)
11 SYSTEMPATH\Boot.php(325): CodeIgniter\CodeIgniter->run()
12 SYSTEMPATH\Boot.php(67): CodeIgniter\Boot::runCodeIgniter(Object(CodeIgniter\CodeIgniter))
13 FCPATH\index.php(56): CodeIgniter\Boot::bootWeb(Object(Config\Paths))
CRITICAL - 2026-10-02 18:22:44 --> [Caused by] mysqli_sql_exception: Duplicate entry 'AC-2026-005' for key 'account_number'
in SYSTEMPATH\Database\MySQLi\Connection.php on line 312.
 1 SYSTEMPATH\Database\MySQLi\Connection.php(312): mysqli->query('INSERT INTO `customer_accounts` (`account_number`, `customer_name`, `address`, `phone`, `email`, `meter_number`, `connection_type`, `status`, `created_at`, `updated_at`) VALUES (\'AC-2026-005\', \'Mikasa Ackerman\', \'22Divine, Tokyo\', \'09187634990\', \'mikasa@email.com\', \'MTR-10008\', \'residential\', \'inactive\', \'2026-10-02 18:22:44\', \'2026-10-02 18:22:44\')', 0)
 2 SYSTEMPATH\Database\BaseConnection.php(734): CodeIgniter\Database\MySQLi\Connection->execute('INSERT INTO `customer_accounts` (`account_number`, `customer_name`, `address`, `phone`, `email`, `meter_number`, `connection_type`, `status`, `created_at`, `updated_at`) VALUES (\'AC-2026-005\', \'Mikasa Ackerman\', \'22Divine, Tokyo\', \'09187634990\', \'mikasa@email.com\', \'MTR-10008\', \'residential\', \'inactive\', \'2026-10-02 18:22:44\', \'2026-10-02 18:22:44\')')
 3 SYSTEMPATH\Database\BaseConnection.php(648): CodeIgniter\Database\BaseConnection->simpleQuery('INSERT INTO `customer_accounts` (`account_number`, `customer_name`, `address`, `phone`, `email`, `meter_number`, `connection_type`, `status`, `created_at`, `updated_at`) VALUES (\'AC-2026-005\', \'Mikasa Ackerman\', \'22Divine, Tokyo\', \'09187634990\', \'mikasa@email.com\', \'MTR-10008\', \'residential\', \'inactive\', \'2026-10-02 18:22:44\', \'2026-10-02 18:22:44\')')
 4 SYSTEMPATH\Database\BaseBuilder.php(2340): CodeIgniter\Database\BaseConnection->query('INSERT INTO `customer_accounts` (`account_number`, `customer_name`, `address`, `phone`, `email`, `meter_number`, `connection_type`, `status`, `created_at`, `updated_at`) VALUES (:account_number:, :customer_name:, :address:, :phone:, :email:, :meter_number:, :connection_type:, :status:, :created_at:, :updated_at:)', [...], false)
 5 SYSTEMPATH\Model.php(394): CodeIgniter\Database\BaseBuilder->insert()
 6 SYSTEMPATH\BaseModel.php(840): CodeIgniter\Model->doInsert([...])
 7 SYSTEMPATH\Model.php(802): CodeIgniter\BaseModel->insert([...], true)
 8 APPPATH\Controllers\CustomerAccounts.php(90): CodeIgniter\Model->insert([...])
 9 SYSTEMPATH\CodeIgniter.php(933): App\Controllers\CustomerAccounts->store()
10 SYSTEMPATH\CodeIgniter.php(509): CodeIgniter\CodeIgniter->runController(Object(App\Controllers\CustomerAccounts))
11 SYSTEMPATH\CodeIgniter.php(355): CodeIgniter\CodeIgniter->handleRequest(null, Object(Config\Cache), false)
12 SYSTEMPATH\Boot.php(325): CodeIgniter\CodeIgniter->run()
13 SYSTEMPATH\Boot.php(67): CodeIgniter\Boot::runCodeIgniter(Object(CodeIgniter\CodeIgniter))
14 FCPATH\index.php(56): CodeIgniter\Boot::bootWeb(Object(Config\Paths))
ERROR - 2026-10-02 18:22:48 --> mysqli_sql_exception: Duplicate entry 'AC-2026-005' for key 'account_number' in C:\xampp\htdocs\electric_demo\system\Database\MySQLi\Connection.php:312
Stack trace:
#0 C:\xampp\htdocs\electric_demo\system\Database\MySQLi\Connection.php(312): mysqli->query('INSERT INTO `cu...', 0)
#1 C:\xampp\htdocs\electric_demo\system\Database\BaseConnection.php(734): CodeIgniter\Database\MySQLi\Connection->execute('INSERT INTO `cu...')
#2 C:\xampp\htdocs\electric_demo\system\Database\BaseConnection.php(648): CodeIgniter\Database\BaseConnection->simpleQuery('INSERT INTO `cu...')
#3 C:\xampp\htdocs\electric_demo\system\Database\BaseBuilder.php(2340): CodeIgniter\Database\BaseConnection->query('INSERT INTO `cu...', Array, false)
#4 C:\xampp\htdocs\electric_demo\system\Model.php(394): CodeIgniter\Database\BaseBuilder->insert()
#5 C:\xampp\htdocs\electric_demo\system\BaseModel.php(840): CodeIgniter\Model->doInsert(Array)
#6 C:\xampp\htdocs\electric_demo\system\Model.php(802): CodeIgniter\BaseModel->insert(Array, true)
#7 C:\xampp\htdocs\electric_demo\app\Controllers\CustomerAccounts.php(90): CodeIgniter\Model->insert(Array)
#8 C:\xampp\htdocs\electric_demo\system\CodeIgniter.php(933): App\Controllers\CustomerAccounts->store()
#9 C:\xampp\htdocs\electric_demo\system\CodeIgniter.php(509): CodeIgniter\CodeIgniter->runController(Object(App\Controllers\CustomerAccounts))
#10 C:\xampp\htdocs\electric_demo\system\CodeIgniter.php(355): CodeIgniter\CodeIgniter->handleRequest(NULL, Object(Config\Cache), false)
#11 C:\xampp\htdocs\electric_demo\system\Boot.php(325): CodeIgniter\CodeIgniter->run()
#12 C:\xampp\htdocs\electric_demo\system\Boot.php(67): CodeIgniter\Boot::runCodeIgniter(Object(CodeIgniter\CodeIgniter))
#13 C:\xampp\htdocs\electric_demo\index.php(56): CodeIgniter\Boot::bootWeb(Object(Config\Paths))
#14 {main}
CRITICAL - 2026-10-02 18:22:48 --> CodeIgniter\Database\Exceptions\DatabaseException: Duplicate entry 'AC-2026-005' for key 'account_number'
[Method: POST, Route: account/store]
in SYSTEMPATH\Database\BaseConnection.php on line 688.
 1 SYSTEMPATH\Database\BaseBuilder.php(2340): CodeIgniter\Database\BaseConnection->query('INSERT INTO `customer_accounts` (`account_number`, `customer_name`, `address`, `phone`, `email`, `meter_number`, `connection_type`, `status`, `created_at`, `updated_at`) VALUES (:account_number:, :customer_name:, :address:, :phone:, :email:, :meter_number:, :connection_type:, :status:, :created_at:, :updated_at:)', [...], false)
 2 SYSTEMPATH\Model.php(394): CodeIgniter\Database\BaseBuilder->insert()
 3 SYSTEMPATH\BaseModel.php(840): CodeIgniter\Model->doInsert([...])
 4 SYSTEMPATH\Model.php(802): CodeIgniter\BaseModel->insert([...], true)
 5 APPPATH\Controllers\CustomerAccounts.php(90): CodeIgniter\Model->insert([...])
 6 SYSTEMPATH\CodeIgniter.php(933): App\Controllers\CustomerAccounts->store()
 7 SYSTEMPATH\CodeIgniter.php(509): CodeIgniter\CodeIgniter->runController(Object(App\Controllers\CustomerAccounts))
 8 SYSTEMPATH\CodeIgniter.php(355): CodeIgniter\CodeIgniter->handleRequest(null, Object(Config\Cache), false)
 9 SYSTEMPATH\Boot.php(325): CodeIgniter\CodeIgniter->run()
10 SYSTEMPATH\Boot.php(67): CodeIgniter\Boot::runCodeIgniter(Object(CodeIgniter\CodeIgniter))
11 FCPATH\index.php(56): CodeIgniter\Boot::bootWeb(Object(Config\Paths))
CRITICAL - 2026-10-02 18:22:48 --> [Caused by] CodeIgniter\Database\Exceptions\DatabaseException: Duplicate entry 'AC-2026-005' for key 'account_number'
in SYSTEMPATH\Database\MySQLi\Connection.php on line 317.
 1 SYSTEMPATH\Database\BaseConnection.php(734): CodeIgniter\Database\MySQLi\Connection->execute('INSERT INTO `customer_accounts` (`account_number`, `customer_name`, `address`, `phone`, `email`, `meter_number`, `connection_type`, `status`, `created_at`, `updated_at`) VALUES (\'AC-2026-005\', \'Mikasa Ackerman\', \'22Divine, Tokyo\', \'09187634990\', \'mikasa@email.com\', \'MTR-10008\', \'residential\', \'inactive\', \'2026-10-02 18:22:48\', \'2026-10-02 18:22:48\')')
 2 SYSTEMPATH\Database\BaseConnection.php(648): CodeIgniter\Database\BaseConnection->simpleQuery('INSERT INTO `customer_accounts` (`account_number`, `customer_name`, `address`, `phone`, `email`, `meter_number`, `connection_type`, `status`, `created_at`, `updated_at`) VALUES (\'AC-2026-005\', \'Mikasa Ackerman\', \'22Divine, Tokyo\', \'09187634990\', \'mikasa@email.com\', \'MTR-10008\', \'residential\', \'inactive\', \'2026-10-02 18:22:48\', \'2026-10-02 18:22:48\')')
 3 SYSTEMPATH\Database\BaseBuilder.php(2340): CodeIgniter\Database\BaseConnection->query('INSERT INTO `customer_accounts` (`account_number`, `customer_name`, `address`, `phone`, `email`, `meter_number`, `connection_type`, `status`, `created_at`, `updated_at`) VALUES (:account_number:, :customer_name:, :address:, :phone:, :email:, :meter_number:, :connection_type:, :status:, :created_at:, :updated_at:)', [...], false)
 4 SYSTEMPATH\Model.php(394): CodeIgniter\Database\BaseBuilder->insert()
 5 SYSTEMPATH\BaseModel.php(840): CodeIgniter\Model->doInsert([...])
 6 SYSTEMPATH\Model.php(802): CodeIgniter\BaseModel->insert([...], true)
 7 APPPATH\Controllers\CustomerAccounts.php(90): CodeIgniter\Model->insert([...])
 8 SYSTEMPATH\CodeIgniter.php(933): App\Controllers\CustomerAccounts->store()
 9 SYSTEMPATH\CodeIgniter.php(509): CodeIgniter\CodeIgniter->runController(Object(App\Controllers\CustomerAccounts))
10 SYSTEMPATH\CodeIgniter.php(355): CodeIgniter\CodeIgniter->handleRequest(null, Object(Config\Cache), false)
11 SYSTEMPATH\Boot.php(325): CodeIgniter\CodeIgniter->run()
12 SYSTEMPATH\Boot.php(67): CodeIgniter\Boot::runCodeIgniter(Object(CodeIgniter\CodeIgniter))
13 FCPATH\index.php(56): CodeIgniter\Boot::bootWeb(Object(Config\Paths))
CRITICAL - 2026-10-02 18:22:48 --> [Caused by] mysqli_sql_exception: Duplicate entry 'AC-2026-005' for key 'account_number'
in SYSTEMPATH\Database\MySQLi\Connection.php on line 312.
 1 SYSTEMPATH\Database\MySQLi\Connection.php(312): mysqli->query('INSERT INTO `customer_accounts` (`account_number`, `customer_name`, `address`, `phone`, `email`, `meter_number`, `connection_type`, `status`, `created_at`, `updated_at`) VALUES (\'AC-2026-005\', \'Mikasa Ackerman\', \'22Divine, Tokyo\', \'09187634990\', \'mikasa@email.com\', \'MTR-10008\', \'residential\', \'inactive\', \'2026-10-02 18:22:48\', \'2026-10-02 18:22:48\')', 0)
 2 SYSTEMPATH\Database\BaseConnection.php(734): CodeIgniter\Database\MySQLi\Connection->execute('INSERT INTO `customer_accounts` (`account_number`, `customer_name`, `address`, `phone`, `email`, `meter_number`, `connection_type`, `status`, `created_at`, `updated_at`) VALUES (\'AC-2026-005\', \'Mikasa Ackerman\', \'22Divine, Tokyo\', \'09187634990\', \'mikasa@email.com\', \'MTR-10008\', \'residential\', \'inactive\', \'2026-10-02 18:22:48\', \'2026-10-02 18:22:48\')')
 3 SYSTEMPATH\Database\BaseConnection.php(648): CodeIgniter\Database\BaseConnection->simpleQuery('INSERT INTO `customer_accounts` (`account_number`, `customer_name`, `address`, `phone`, `email`, `meter_number`, `connection_type`, `status`, `created_at`, `updated_at`) VALUES (\'AC-2026-005\', \'Mikasa Ackerman\', \'22Divine, Tokyo\', \'09187634990\', \'mikasa@email.com\', \'MTR-10008\', \'residential\', \'inactive\', \'2026-10-02 18:22:48\', \'2026-10-02 18:22:48\')')
 4 SYSTEMPATH\Database\BaseBuilder.php(2340): CodeIgniter\Database\BaseConnection->query('INSERT INTO `customer_accounts` (`account_number`, `customer_name`, `address`, `phone`, `email`, `meter_number`, `connection_type`, `status`, `created_at`, `updated_at`) VALUES (:account_number:, :customer_name:, :address:, :phone:, :email:, :meter_number:, :connection_type:, :status:, :created_at:, :updated_at:)', [...], false)
 5 SYSTEMPATH\Model.php(394): CodeIgniter\Database\BaseBuilder->insert()
 6 SYSTEMPATH\BaseModel.php(840): CodeIgniter\Model->doInsert([...])
 7 SYSTEMPATH\Model.php(802): CodeIgniter\BaseModel->insert([...], true)
 8 APPPATH\Controllers\CustomerAccounts.php(90): CodeIgniter\Model->insert([...])
 9 SYSTEMPATH\CodeIgniter.php(933): App\Controllers\CustomerAccounts->store()
10 SYSTEMPATH\CodeIgniter.php(509): CodeIgniter\CodeIgniter->runController(Object(App\Controllers\CustomerAccounts))
11 SYSTEMPATH\CodeIgniter.php(355): CodeIgniter\CodeIgniter->handleRequest(null, Object(Config\Cache), false)
12 SYSTEMPATH\Boot.php(325): CodeIgniter\CodeIgniter->run()
13 SYSTEMPATH\Boot.php(67): CodeIgniter\Boot::runCodeIgniter(Object(CodeIgniter\CodeIgniter))
14 FCPATH\index.php(56): CodeIgniter\Boot::bootWeb(Object(Config\Paths))
ERROR - 2026-10-02 18:25:24 --> mysqli_sql_exception: Duplicate entry 'AC-2026-005' for key 'account_number' in C:\xampp\htdocs\electric_demo\system\Database\MySQLi\Connection.php:312
Stack trace:
#0 C:\xampp\htdocs\electric_demo\system\Database\MySQLi\Connection.php(312): mysqli->query('INSERT INTO `cu...', 0)
#1 C:\xampp\htdocs\electric_demo\system\Database\BaseConnection.php(734): CodeIgniter\Database\MySQLi\Connection->execute('INSERT INTO `cu...')
#2 C:\xampp\htdocs\electric_demo\system\Database\BaseConnection.php(648): CodeIgniter\Database\BaseConnection->simpleQuery('INSERT INTO `cu...')
#3 C:\xampp\htdocs\electric_demo\system\Database\BaseBuilder.php(2340): CodeIgniter\Database\BaseConnection->query('INSERT INTO `cu...', Array, false)
#4 C:\xampp\htdocs\electric_demo\system\Model.php(394): CodeIgniter\Database\BaseBuilder->insert()
#5 C:\xampp\htdocs\electric_demo\system\BaseModel.php(840): CodeIgniter\Model->doInsert(Array)
#6 C:\xampp\htdocs\electric_demo\system\Model.php(802): CodeIgniter\BaseModel->insert(Array, true)
#7 C:\xampp\htdocs\electric_demo\app\Controllers\CustomerAccounts.php(90): CodeIgniter\Model->insert(Array)
#8 C:\xampp\htdocs\electric_demo\system\CodeIgniter.php(933): App\Controllers\CustomerAccounts->store()
#9 C:\xampp\htdocs\electric_demo\system\CodeIgniter.php(509): CodeIgniter\CodeIgniter->runController(Object(App\Controllers\CustomerAccounts))
#10 C:\xampp\htdocs\electric_demo\system\CodeIgniter.php(355): CodeIgniter\CodeIgniter->handleRequest(NULL, Object(Config\Cache), false)
#11 C:\xampp\htdocs\electric_demo\system\Boot.php(325): CodeIgniter\CodeIgniter->run()
#12 C:\xampp\htdocs\electric_demo\system\Boot.php(67): CodeIgniter\Boot::runCodeIgniter(Object(CodeIgniter\CodeIgniter))
#13 C:\xampp\htdocs\electric_demo\index.php(56): CodeIgniter\Boot::bootWeb(Object(Config\Paths))
#14 {main}
CRITICAL - 2026-10-02 18:25:24 --> CodeIgniter\Database\Exceptions\DatabaseException: Duplicate entry 'AC-2026-005' for key 'account_number'
[Method: POST, Route: account/store]
in SYSTEMPATH\Database\BaseConnection.php on line 688.
 1 SYSTEMPATH\Database\BaseBuilder.php(2340): CodeIgniter\Database\BaseConnection->query('INSERT INTO `customer_accounts` (`account_number`, `customer_name`, `address`, `phone`, `email`, `meter_number`, `connection_type`, `status`, `created_at`, `updated_at`) VALUES (:account_number:, :customer_name:, :address:, :phone:, :email:, :meter_number:, :connection_type:, :status:, :created_at:, :updated_at:)', [...], false)
 2 SYSTEMPATH\Model.php(394): CodeIgniter\Database\BaseBuilder->insert()
 3 SYSTEMPATH\BaseModel.php(840): CodeIgniter\Model->doInsert([...])
 4 SYSTEMPATH\Model.php(802): CodeIgniter\BaseModel->insert([...], true)
 5 APPPATH\Controllers\CustomerAccounts.php(90): CodeIgniter\Model->insert([...])
 6 SYSTEMPATH\CodeIgniter.php(933): App\Controllers\CustomerAccounts->store()
 7 SYSTEMPATH\CodeIgniter.php(509): CodeIgniter\CodeIgniter->runController(Object(App\Controllers\CustomerAccounts))
 8 SYSTEMPATH\CodeIgniter.php(355): CodeIgniter\CodeIgniter->handleRequest(null, Object(Config\Cache), false)
 9 SYSTEMPATH\Boot.php(325): CodeIgniter\CodeIgniter->run()
10 SYSTEMPATH\Boot.php(67): CodeIgniter\Boot::runCodeIgniter(Object(CodeIgniter\CodeIgniter))
11 FCPATH\index.php(56): CodeIgniter\Boot::bootWeb(Object(Config\Paths))
CRITICAL - 2026-10-02 18:25:24 --> [Caused by] CodeIgniter\Database\Exceptions\DatabaseException: Duplicate entry 'AC-2026-005' for key 'account_number'
in SYSTEMPATH\Database\MySQLi\Connection.php on line 317.
 1 SYSTEMPATH\Database\BaseConnection.php(734): CodeIgniter\Database\MySQLi\Connection->execute('INSERT INTO `customer_accounts` (`account_number`, `customer_name`, `address`, `phone`, `email`, `meter_number`, `connection_type`, `status`, `created_at`, `updated_at`) VALUES (\'AC-2026-005\', \'Mikasa Ackerman\', \'17 shishi, Nagoya\', \'09187634990\', \'mikasa@email.com\', \'MTR-10008\', \'residential\', \'active\', \'2026-10-02 18:25:24\', \'2026-10-02 18:25:24\')')
 2 SYSTEMPATH\Database\BaseConnection.php(648): CodeIgniter\Database\BaseConnection->simpleQuery('INSERT INTO `customer_accounts` (`account_number`, `customer_name`, `address`, `phone`, `email`, `meter_number`, `connection_type`, `status`, `created_at`, `updated_at`) VALUES (\'AC-2026-005\', \'Mikasa Ackerman\', \'17 shishi, Nagoya\', \'09187634990\', \'mikasa@email.com\', \'MTR-10008\', \'residential\', \'active\', \'2026-10-02 18:25:24\', \'2026-10-02 18:25:24\')')
 3 SYSTEMPATH\Database\BaseBuilder.php(2340): CodeIgniter\Database\BaseConnection->query('INSERT INTO `customer_accounts` (`account_number`, `customer_name`, `address`, `phone`, `email`, `meter_number`, `connection_type`, `status`, `created_at`, `updated_at`) VALUES (:account_number:, :customer_name:, :address:, :phone:, :email:, :meter_number:, :connection_type:, :status:, :created_at:, :updated_at:)', [...], false)
 4 SYSTEMPATH\Model.php(394): CodeIgniter\Database\BaseBuilder->insert()
 5 SYSTEMPATH\BaseModel.php(840): CodeIgniter\Model->doInsert([...])
 6 SYSTEMPATH\Model.php(802): CodeIgniter\BaseModel->insert([...], true)
 7 APPPATH\Controllers\CustomerAccounts.php(90): CodeIgniter\Model->insert([...])
 8 SYSTEMPATH\CodeIgniter.php(933): App\Controllers\CustomerAccounts->store()
 9 SYSTEMPATH\CodeIgniter.php(509): CodeIgniter\CodeIgniter->runController(Object(App\Controllers\CustomerAccounts))
10 SYSTEMPATH\CodeIgniter.php(355): CodeIgniter\CodeIgniter->handleRequest(null, Object(Config\Cache), false)
11 SYSTEMPATH\Boot.php(325): CodeIgniter\CodeIgniter->run()
12 SYSTEMPATH\Boot.php(67): CodeIgniter\Boot::runCodeIgniter(Object(CodeIgniter\CodeIgniter))
13 FCPATH\index.php(56): CodeIgniter\Boot::bootWeb(Object(Config\Paths))
CRITICAL - 2026-10-02 18:25:24 --> [Caused by] mysqli_sql_exception: Duplicate entry 'AC-2026-005' for key 'account_number'
in SYSTEMPATH\Database\MySQLi\Connection.php on line 312.
 1 SYSTEMPATH\Database\MySQLi\Connection.php(312): mysqli->query('INSERT INTO `customer_accounts` (`account_number`, `customer_name`, `address`, `phone`, `email`, `meter_number`, `connection_type`, `status`, `created_at`, `updated_at`) VALUES (\'AC-2026-005\', \'Mikasa Ackerman\', \'17 shishi, Nagoya\', \'09187634990\', \'mikasa@email.com\', \'MTR-10008\', \'residential\', \'active\', \'2026-10-02 18:25:24\', \'2026-10-02 18:25:24\')', 0)
 2 SYSTEMPATH\Database\BaseConnection.php(734): CodeIgniter\Database\MySQLi\Connection->execute('INSERT INTO `customer_accounts` (`account_number`, `customer_name`, `address`, `phone`, `email`, `meter_number`, `connection_type`, `status`, `created_at`, `updated_at`) VALUES (\'AC-2026-005\', \'Mikasa Ackerman\', \'17 shishi, Nagoya\', \'09187634990\', \'mikasa@email.com\', \'MTR-10008\', \'residential\', \'active\', \'2026-10-02 18:25:24\', \'2026-10-02 18:25:24\')')
 3 SYSTEMPATH\Database\BaseConnection.php(648): CodeIgniter\Database\BaseConnection->simpleQuery('INSERT INTO `customer_accounts` (`account_number`, `customer_name`, `address`, `phone`, `email`, `meter_number`, `connection_type`, `status`, `created_at`, `updated_at`) VALUES (\'AC-2026-005\', \'Mikasa Ackerman\', \'17 shishi, Nagoya\', \'09187634990\', \'mikasa@email.com\', \'MTR-10008\', \'residential\', \'active\', \'2026-10-02 18:25:24\', \'2026-10-02 18:25:24\')')
 4 SYSTEMPATH\Database\BaseBuilder.php(2340): CodeIgniter\Database\BaseConnection->query('INSERT INTO `customer_accounts` (`account_number`, `customer_name`, `address`, `phone`, `email`, `meter_number`, `connection_type`, `status`, `created_at`, `updated_at`) VALUES (:account_number:, :customer_name:, :address:, :phone:, :email:, :meter_number:, :connection_type:, :status:, :created_at:, :updated_at:)', [...], false)
 5 SYSTEMPATH\Model.php(394): CodeIgniter\Database\BaseBuilder->insert()
 6 SYSTEMPATH\BaseModel.php(840): CodeIgniter\Model->doInsert([...])
 7 SYSTEMPATH\Model.php(802): CodeIgniter\BaseModel->insert([...], true)
 8 APPPATH\Controllers\CustomerAccounts.php(90): CodeIgniter\Model->insert([...])
 9 SYSTEMPATH\CodeIgniter.php(933): App\Controllers\CustomerAccounts->store()
10 SYSTEMPATH\CodeIgniter.php(509): CodeIgniter\CodeIgniter->runController(Object(App\Controllers\CustomerAccounts))
11 SYSTEMPATH\CodeIgniter.php(355): CodeIgniter\CodeIgniter->handleRequest(null, Object(Config\Cache), false)
12 SYSTEMPATH\Boot.php(325): CodeIgniter\CodeIgniter->run()
13 SYSTEMPATH\Boot.php(67): CodeIgniter\Boot::runCodeIgniter(Object(CodeIgniter\CodeIgniter))
14 FCPATH\index.php(56): CodeIgniter\Boot::bootWeb(Object(Config\Paths))
ERROR - 2026-10-02 18:25:27 --> mysqli_sql_exception: Duplicate entry 'AC-2026-005' for key 'account_number' in C:\xampp\htdocs\electric_demo\system\Database\MySQLi\Connection.php:312
Stack trace:
#0 C:\xampp\htdocs\electric_demo\system\Database\MySQLi\Connection.php(312): mysqli->query('INSERT INTO `cu...', 0)
#1 C:\xampp\htdocs\electric_demo\system\Database\BaseConnection.php(734): CodeIgniter\Database\MySQLi\Connection->execute('INSERT INTO `cu...')
#2 C:\xampp\htdocs\electric_demo\system\Database\BaseConnection.php(648): CodeIgniter\Database\BaseConnection->simpleQuery('INSERT INTO `cu...')
#3 C:\xampp\htdocs\electric_demo\system\Database\BaseBuilder.php(2340): CodeIgniter\Database\BaseConnection->query('INSERT INTO `cu...', Array, false)
#4 C:\xampp\htdocs\electric_demo\system\Model.php(394): CodeIgniter\Database\BaseBuilder->insert()
#5 C:\xampp\htdocs\electric_demo\system\BaseModel.php(840): CodeIgniter\Model->doInsert(Array)
#6 C:\xampp\htdocs\electric_demo\system\Model.php(802): CodeIgniter\BaseModel->insert(Array, true)
#7 C:\xampp\htdocs\electric_demo\app\Controllers\CustomerAccounts.php(90): CodeIgniter\Model->insert(Array)
#8 C:\xampp\htdocs\electric_demo\system\CodeIgniter.php(933): App\Controllers\CustomerAccounts->store()
#9 C:\xampp\htdocs\electric_demo\system\CodeIgniter.php(509): CodeIgniter\CodeIgniter->runController(Object(App\Controllers\CustomerAccounts))
#10 C:\xampp\htdocs\electric_demo\system\CodeIgniter.php(355): CodeIgniter\CodeIgniter->handleRequest(NULL, Object(Config\Cache), false)
#11 C:\xampp\htdocs\electric_demo\system\Boot.php(325): CodeIgniter\CodeIgniter->run()
#12 C:\xampp\htdocs\electric_demo\system\Boot.php(67): CodeIgniter\Boot::runCodeIgniter(Object(CodeIgniter\CodeIgniter))
#13 C:\xampp\htdocs\electric_demo\index.php(56): CodeIgniter\Boot::bootWeb(Object(Config\Paths))
#14 {main}
CRITICAL - 2026-10-02 18:25:27 --> CodeIgniter\Database\Exceptions\DatabaseException: Duplicate entry 'AC-2026-005' for key 'account_number'
[Method: POST, Route: account/store]
in SYSTEMPATH\Database\BaseConnection.php on line 688.
 1 SYSTEMPATH\Database\BaseBuilder.php(2340): CodeIgniter\Database\BaseConnection->query('INSERT INTO `customer_accounts` (`account_number`, `customer_name`, `address`, `phone`, `email`, `meter_number`, `connection_type`, `status`, `created_at`, `updated_at`) VALUES (:account_number:, :customer_name:, :address:, :phone:, :email:, :meter_number:, :connection_type:, :status:, :created_at:, :updated_at:)', [...], false)
 2 SYSTEMPATH\Model.php(394): CodeIgniter\Database\BaseBuilder->insert()
 3 SYSTEMPATH\BaseModel.php(840): CodeIgniter\Model->doInsert([...])
 4 SYSTEMPATH\Model.php(802): CodeIgniter\BaseModel->insert([...], true)
 5 APPPATH\Controllers\CustomerAccounts.php(90): CodeIgniter\Model->insert([...])
 6 SYSTEMPATH\CodeIgniter.php(933): App\Controllers\CustomerAccounts->store()
 7 SYSTEMPATH\CodeIgniter.php(509): CodeIgniter\CodeIgniter->runController(Object(App\Controllers\CustomerAccounts))
 8 SYSTEMPATH\CodeIgniter.php(355): CodeIgniter\CodeIgniter->handleRequest(null, Object(Config\Cache), false)
 9 SYSTEMPATH\Boot.php(325): CodeIgniter\CodeIgniter->run()
10 SYSTEMPATH\Boot.php(67): CodeIgniter\Boot::runCodeIgniter(Object(CodeIgniter\CodeIgniter))
11 FCPATH\index.php(56): CodeIgniter\Boot::bootWeb(Object(Config\Paths))
CRITICAL - 2026-10-02 18:25:27 --> [Caused by] CodeIgniter\Database\Exceptions\DatabaseException: Duplicate entry 'AC-2026-005' for key 'account_number'
in SYSTEMPATH\Database\MySQLi\Connection.php on line 317.
 1 SYSTEMPATH\Database\BaseConnection.php(734): CodeIgniter\Database\MySQLi\Connection->execute('INSERT INTO `customer_accounts` (`account_number`, `customer_name`, `address`, `phone`, `email`, `meter_number`, `connection_type`, `status`, `created_at`, `updated_at`) VALUES (\'AC-2026-005\', \'Mikasa Ackerman\', \'17 shishi, Nagoya\', \'09187634990\', \'mikasa@email.com\', \'MTR-10008\', \'residential\', \'active\', \'2026-10-02 18:25:27\', \'2026-10-02 18:25:27\')')
 2 SYSTEMPATH\Database\BaseConnection.php(648): CodeIgniter\Database\BaseConnection->simpleQuery('INSERT INTO `customer_accounts` (`account_number`, `customer_name`, `address`, `phone`, `email`, `meter_number`, `connection_type`, `status`, `created_at`, `updated_at`) VALUES (\'AC-2026-005\', \'Mikasa Ackerman\', \'17 shishi, Nagoya\', \'09187634990\', \'mikasa@email.com\', \'MTR-10008\', \'residential\', \'active\', \'2026-10-02 18:25:27\', \'2026-10-02 18:25:27\')')
 3 SYSTEMPATH\Database\BaseBuilder.php(2340): CodeIgniter\Database\BaseConnection->query('INSERT INTO `customer_accounts` (`account_number`, `customer_name`, `address`, `phone`, `email`, `meter_number`, `connection_type`, `status`, `created_at`, `updated_at`) VALUES (:account_number:, :customer_name:, :address:, :phone:, :email:, :meter_number:, :connection_type:, :status:, :created_at:, :updated_at:)', [...], false)
 4 SYSTEMPATH\Model.php(394): CodeIgniter\Database\BaseBuilder->insert()
 5 SYSTEMPATH\BaseModel.php(840): CodeIgniter\Model->doInsert([...])
 6 SYSTEMPATH\Model.php(802): CodeIgniter\BaseModel->insert([...], true)
 7 APPPATH\Controllers\CustomerAccounts.php(90): CodeIgniter\Model->insert([...])
 8 SYSTEMPATH\CodeIgniter.php(933): App\Controllers\CustomerAccounts->store()
 9 SYSTEMPATH\CodeIgniter.php(509): CodeIgniter\CodeIgniter->runController(Object(App\Controllers\CustomerAccounts))
10 SYSTEMPATH\CodeIgniter.php(355): CodeIgniter\CodeIgniter->handleRequest(null, Object(Config\Cache), false)
11 SYSTEMPATH\Boot.php(325): CodeIgniter\CodeIgniter->run()
12 SYSTEMPATH\Boot.php(67): CodeIgniter\Boot::runCodeIgniter(Object(CodeIgniter\CodeIgniter))
13 FCPATH\index.php(56): CodeIgniter\Boot::bootWeb(Object(Config\Paths))
CRITICAL - 2026-10-02 18:25:27 --> [Caused by] mysqli_sql_exception: Duplicate entry 'AC-2026-005' for key 'account_number'
in SYSTEMPATH\Database\MySQLi\Connection.php on line 312.
 1 SYSTEMPATH\Database\MySQLi\Connection.php(312): mysqli->query('INSERT INTO `customer_accounts` (`account_number`, `customer_name`, `address`, `phone`, `email`, `meter_number`, `connection_type`, `status`, `created_at`, `updated_at`) VALUES (\'AC-2026-005\', \'Mikasa Ackerman\', \'17 shishi, Nagoya\', \'09187634990\', \'mikasa@email.com\', \'MTR-10008\', \'residential\', \'active\', \'2026-10-02 18:25:27\', \'2026-10-02 18:25:27\')', 0)
 2 SYSTEMPATH\Database\BaseConnection.php(734): CodeIgniter\Database\MySQLi\Connection->execute('INSERT INTO `customer_accounts` (`account_number`, `customer_name`, `address`, `phone`, `email`, `meter_number`, `connection_type`, `status`, `created_at`, `updated_at`) VALUES (\'AC-2026-005\', \'Mikasa Ackerman\', \'17 shishi, Nagoya\', \'09187634990\', \'mikasa@email.com\', \'MTR-10008\', \'residential\', \'active\', \'2026-10-02 18:25:27\', \'2026-10-02 18:25:27\')')
 3 SYSTEMPATH\Database\BaseConnection.php(648): CodeIgniter\Database\BaseConnection->simpleQuery('INSERT INTO `customer_accounts` (`account_number`, `customer_name`, `address`, `phone`, `email`, `meter_number`, `connection_type`, `status`, `created_at`, `updated_at`) VALUES (\'AC-2026-005\', \'Mikasa Ackerman\', \'17 shishi, Nagoya\', \'09187634990\', \'mikasa@email.com\', \'MTR-10008\', \'residential\', \'active\', \'2026-10-02 18:25:27\', \'2026-10-02 18:25:27\')')
 4 SYSTEMPATH\Database\BaseBuilder.php(2340): CodeIgniter\Database\BaseConnection->query('INSERT INTO `customer_accounts` (`account_number`, `customer_name`, `address`, `phone`, `email`, `meter_number`, `connection_type`, `status`, `created_at`, `updated_at`) VALUES (:account_number:, :customer_name:, :address:, :phone:, :email:, :meter_number:, :connection_type:, :status:, :created_at:, :updated_at:)', [...], false)
 5 SYSTEMPATH\Model.php(394): CodeIgniter\Database\BaseBuilder->insert()
 6 SYSTEMPATH\BaseModel.php(840): CodeIgniter\Model->doInsert([...])
 7 SYSTEMPATH\Model.php(802): CodeIgniter\BaseModel->insert([...], true)
 8 APPPATH\Controllers\CustomerAccounts.php(90): CodeIgniter\Model->insert([...])
 9 SYSTEMPATH\CodeIgniter.php(933): App\Controllers\CustomerAccounts->store()
10 SYSTEMPATH\CodeIgniter.php(509): CodeIgniter\CodeIgniter->runController(Object(App\Controllers\CustomerAccounts))
11 SYSTEMPATH\CodeIgniter.php(355): CodeIgniter\CodeIgniter->handleRequest(null, Object(Config\Cache), false)
12 SYSTEMPATH\Boot.php(325): CodeIgniter\CodeIgniter->run()
13 SYSTEMPATH\Boot.php(67): CodeIgniter\Boot::runCodeIgniter(Object(CodeIgniter\CodeIgniter))
14 FCPATH\index.php(56): CodeIgniter\Boot::bootWeb(Object(Config\Paths))
ERROR - 2026-10-02 18:26:23 --> mysqli_sql_exception: Duplicate entry 'AC-2026-005' for key 'account_number' in C:\xampp\htdocs\electric_demo\system\Database\MySQLi\Connection.php:312
Stack trace:
#0 C:\xampp\htdocs\electric_demo\system\Database\MySQLi\Connection.php(312): mysqli->query('INSERT INTO `cu...', 0)
#1 C:\xampp\htdocs\electric_demo\system\Database\BaseConnection.php(734): CodeIgniter\Database\MySQLi\Connection->execute('INSERT INTO `cu...')
#2 C:\xampp\htdocs\electric_demo\system\Database\BaseConnection.php(648): CodeIgniter\Database\BaseConnection->simpleQuery('INSERT INTO `cu...')
#3 C:\xampp\htdocs\electric_demo\system\Database\BaseBuilder.php(2340): CodeIgniter\Database\BaseConnection->query('INSERT INTO `cu...', Array, false)
#4 C:\xampp\htdocs\electric_demo\system\Model.php(394): CodeIgniter\Database\BaseBuilder->insert()
#5 C:\xampp\htdocs\electric_demo\system\BaseModel.php(840): CodeIgniter\Model->doInsert(Array)
#6 C:\xampp\htdocs\electric_demo\system\Model.php(802): CodeIgniter\BaseModel->insert(Array, true)
#7 C:\xampp\htdocs\electric_demo\app\Controllers\CustomerAccounts.php(90): CodeIgniter\Model->insert(Array)
#8 C:\xampp\htdocs\electric_demo\system\CodeIgniter.php(933): App\Controllers\CustomerAccounts->store()
#9 C:\xampp\htdocs\electric_demo\system\CodeIgniter.php(509): CodeIgniter\CodeIgniter->runController(Object(App\Controllers\CustomerAccounts))
#10 C:\xampp\htdocs\electric_demo\system\CodeIgniter.php(355): CodeIgniter\CodeIgniter->handleRequest(NULL, Object(Config\Cache), false)
#11 C:\xampp\htdocs\electric_demo\system\Boot.php(325): CodeIgniter\CodeIgniter->run()
#12 C:\xampp\htdocs\electric_demo\system\Boot.php(67): CodeIgniter\Boot::runCodeIgniter(Object(CodeIgniter\CodeIgniter))
#13 C:\xampp\htdocs\electric_demo\index.php(56): CodeIgniter\Boot::bootWeb(Object(Config\Paths))
#14 {main}
CRITICAL - 2026-10-02 18:26:23 --> CodeIgniter\Database\Exceptions\DatabaseException: Duplicate entry 'AC-2026-005' for key 'account_number'
[Method: POST, Route: account/store]
in SYSTEMPATH\Database\BaseConnection.php on line 688.
 1 SYSTEMPATH\Database\BaseBuilder.php(2340): CodeIgniter\Database\BaseConnection->query('INSERT INTO `customer_accounts` (`account_number`, `customer_name`, `address`, `phone`, `email`, `meter_number`, `connection_type`, `status`, `created_at`, `updated_at`) VALUES (:account_number:, :customer_name:, :address:, :phone:, :email:, :meter_number:, :connection_type:, :status:, :created_at:, :updated_at:)', [...], false)
 2 SYSTEMPATH\Model.php(394): CodeIgniter\Database\BaseBuilder->insert()
 3 SYSTEMPATH\BaseModel.php(840): CodeIgniter\Model->doInsert([...])
 4 SYSTEMPATH\Model.php(802): CodeIgniter\BaseModel->insert([...], true)
 5 APPPATH\Controllers\CustomerAccounts.php(90): CodeIgniter\Model->insert([...])
 6 SYSTEMPATH\CodeIgniter.php(933): App\Controllers\CustomerAccounts->store()
 7 SYSTEMPATH\CodeIgniter.php(509): CodeIgniter\CodeIgniter->runController(Object(App\Controllers\CustomerAccounts))
 8 SYSTEMPATH\CodeIgniter.php(355): CodeIgniter\CodeIgniter->handleRequest(null, Object(Config\Cache), false)
 9 SYSTEMPATH\Boot.php(325): CodeIgniter\CodeIgniter->run()
10 SYSTEMPATH\Boot.php(67): CodeIgniter\Boot::runCodeIgniter(Object(CodeIgniter\CodeIgniter))
11 FCPATH\index.php(56): CodeIgniter\Boot::bootWeb(Object(Config\Paths))
CRITICAL - 2026-10-02 18:26:23 --> [Caused by] CodeIgniter\Database\Exceptions\DatabaseException: Duplicate entry 'AC-2026-005' for key 'account_number'
in SYSTEMPATH\Database\MySQLi\Connection.php on line 317.
 1 SYSTEMPATH\Database\BaseConnection.php(734): CodeIgniter\Database\MySQLi\Connection->execute('INSERT INTO `customer_accounts` (`account_number`, `customer_name`, `address`, `phone`, `email`, `meter_number`, `connection_type`, `status`, `created_at`, `updated_at`) VALUES (\'AC-2026-005\', \'Mikasa Ackerman\', \'17 shishi, Nagoya\', \'09187634990\', \'mikasa@email.com\', \'MTR-10008\', \'residential\', \'active\', \'2026-10-02 18:26:23\', \'2026-10-02 18:26:23\')')
 2 SYSTEMPATH\Database\BaseConnection.php(648): CodeIgniter\Database\BaseConnection->simpleQuery('INSERT INTO `customer_accounts` (`account_number`, `customer_name`, `address`, `phone`, `email`, `meter_number`, `connection_type`, `status`, `created_at`, `updated_at`) VALUES (\'AC-2026-005\', \'Mikasa Ackerman\', \'17 shishi, Nagoya\', \'09187634990\', \'mikasa@email.com\', \'MTR-10008\', \'residential\', \'active\', \'2026-10-02 18:26:23\', \'2026-10-02 18:26:23\')')
 3 SYSTEMPATH\Database\BaseBuilder.php(2340): CodeIgniter\Database\BaseConnection->query('INSERT INTO `customer_accounts` (`account_number`, `customer_name`, `address`, `phone`, `email`, `meter_number`, `connection_type`, `status`, `created_at`, `updated_at`) VALUES (:account_number:, :customer_name:, :address:, :phone:, :email:, :meter_number:, :connection_type:, :status:, :created_at:, :updated_at:)', [...], false)
 4 SYSTEMPATH\Model.php(394): CodeIgniter\Database\BaseBuilder->insert()
 5 SYSTEMPATH\BaseModel.php(840): CodeIgniter\Model->doInsert([...])
 6 SYSTEMPATH\Model.php(802): CodeIgniter\BaseModel->insert([...], true)
 7 APPPATH\Controllers\CustomerAccounts.php(90): CodeIgniter\Model->insert([...])
 8 SYSTEMPATH\CodeIgniter.php(933): App\Controllers\CustomerAccounts->store()
 9 SYSTEMPATH\CodeIgniter.php(509): CodeIgniter\CodeIgniter->runController(Object(App\Controllers\CustomerAccounts))
10 SYSTEMPATH\CodeIgniter.php(355): CodeIgniter\CodeIgniter->handleRequest(null, Object(Config\Cache), false)
11 SYSTEMPATH\Boot.php(325): CodeIgniter\CodeIgniter->run()
12 SYSTEMPATH\Boot.php(67): CodeIgniter\Boot::runCodeIgniter(Object(CodeIgniter\CodeIgniter))
13 FCPATH\index.php(56): CodeIgniter\Boot::bootWeb(Object(Config\Paths))
CRITICAL - 2026-10-02 18:26:23 --> [Caused by] mysqli_sql_exception: Duplicate entry 'AC-2026-005' for key 'account_number'
in SYSTEMPATH\Database\MySQLi\Connection.php on line 312.
 1 SYSTEMPATH\Database\MySQLi\Connection.php(312): mysqli->query('INSERT INTO `customer_accounts` (`account_number`, `customer_name`, `address`, `phone`, `email`, `meter_number`, `connection_type`, `status`, `created_at`, `updated_at`) VALUES (\'AC-2026-005\', \'Mikasa Ackerman\', \'17 shishi, Nagoya\', \'09187634990\', \'mikasa@email.com\', \'MTR-10008\', \'residential\', \'active\', \'2026-10-02 18:26:23\', \'2026-10-02 18:26:23\')', 0)
 2 SYSTEMPATH\Database\BaseConnection.php(734): CodeIgniter\Database\MySQLi\Connection->execute('INSERT INTO `customer_accounts` (`account_number`, `customer_name`, `address`, `phone`, `email`, `meter_number`, `connection_type`, `status`, `created_at`, `updated_at`) VALUES (\'AC-2026-005\', \'Mikasa Ackerman\', \'17 shishi, Nagoya\', \'09187634990\', \'mikasa@email.com\', \'MTR-10008\', \'residential\', \'active\', \'2026-10-02 18:26:23\', \'2026-10-02 18:26:23\')')
 3 SYSTEMPATH\Database\BaseConnection.php(648): CodeIgniter\Database\BaseConnection->simpleQuery('INSERT INTO `customer_accounts` (`account_number`, `customer_name`, `address`, `phone`, `email`, `meter_number`, `connection_type`, `status`, `created_at`, `updated_at`) VALUES (\'AC-2026-005\', \'Mikasa Ackerman\', \'17 shishi, Nagoya\', \'09187634990\', \'mikasa@email.com\', \'MTR-10008\', \'residential\', \'active\', \'2026-10-02 18:26:23\', \'2026-10-02 18:26:23\')')
 4 SYSTEMPATH\Database\BaseBuilder.php(2340): CodeIgniter\Database\BaseConnection->query('INSERT INTO `customer_accounts` (`account_number`, `customer_name`, `address`, `phone`, `email`, `meter_number`, `connection_type`, `status`, `created_at`, `updated_at`) VALUES (:account_number:, :customer_name:, :address:, :phone:, :email:, :meter_number:, :connection_type:, :status:, :created_at:, :updated_at:)', [...], false)
 5 SYSTEMPATH\Model.php(394): CodeIgniter\Database\BaseBuilder->insert()
 6 SYSTEMPATH\BaseModel.php(840): CodeIgniter\Model->doInsert([...])
 7 SYSTEMPATH\Model.php(802): CodeIgniter\BaseModel->insert([...], true)
 8 APPPATH\Controllers\CustomerAccounts.php(90): CodeIgniter\Model->insert([...])
 9 SYSTEMPATH\CodeIgniter.php(933): App\Controllers\CustomerAccounts->store()
10 SYSTEMPATH\CodeIgniter.php(509): CodeIgniter\CodeIgniter->runController(Object(App\Controllers\CustomerAccounts))
11 SYSTEMPATH\CodeIgniter.php(355): CodeIgniter\CodeIgniter->handleRequest(null, Object(Config\Cache), false)
12 SYSTEMPATH\Boot.php(325): CodeIgniter\CodeIgniter->run()
13 SYSTEMPATH\Boot.php(67): CodeIgniter\Boot::runCodeIgniter(Object(CodeIgniter\CodeIgniter))
14 FCPATH\index.php(56): CodeIgniter\Boot::bootWeb(Object(Config\Paths))
ERROR - 2026-10-02 18:29:16 --> mysqli_sql_exception: Duplicate entry 'AC-2026-005' for key 'account_number' in C:\xampp\htdocs\electric_demo\system\Database\MySQLi\Connection.php:312
Stack trace:
#0 C:\xampp\htdocs\electric_demo\system\Database\MySQLi\Connection.php(312): mysqli->query('INSERT INTO `cu...', 0)
#1 C:\xampp\htdocs\electric_demo\system\Database\BaseConnection.php(734): CodeIgniter\Database\MySQLi\Connection->execute('INSERT INTO `cu...')
#2 C:\xampp\htdocs\electric_demo\system\Database\BaseConnection.php(648): CodeIgniter\Database\BaseConnection->simpleQuery('INSERT INTO `cu...')
#3 C:\xampp\htdocs\electric_demo\system\Database\BaseBuilder.php(2340): CodeIgniter\Database\BaseConnection->query('INSERT INTO `cu...', Array, false)
#4 C:\xampp\htdocs\electric_demo\system\Model.php(394): CodeIgniter\Database\BaseBuilder->insert()
#5 C:\xampp\htdocs\electric_demo\system\BaseModel.php(840): CodeIgniter\Model->doInsert(Array)
#6 C:\xampp\htdocs\electric_demo\system\Model.php(802): CodeIgniter\BaseModel->insert(Array, true)
#7 C:\xampp\htdocs\electric_demo\app\Controllers\CustomerAccounts.php(90): CodeIgniter\Model->insert(Array)
#8 C:\xampp\htdocs\electric_demo\system\CodeIgniter.php(933): App\Controllers\CustomerAccounts->store()
#9 C:\xampp\htdocs\electric_demo\system\CodeIgniter.php(509): CodeIgniter\CodeIgniter->runController(Object(App\Controllers\CustomerAccounts))
#10 C:\xampp\htdocs\electric_demo\system\CodeIgniter.php(355): CodeIgniter\CodeIgniter->handleRequest(NULL, Object(Config\Cache), false)
#11 C:\xampp\htdocs\electric_demo\system\Boot.php(325): CodeIgniter\CodeIgniter->run()
#12 C:\xampp\htdocs\electric_demo\system\Boot.php(67): CodeIgniter\Boot::runCodeIgniter(Object(CodeIgniter\CodeIgniter))
#13 C:\xampp\htdocs\electric_demo\index.php(56): CodeIgniter\Boot::bootWeb(Object(Config\Paths))
#14 {main}
CRITICAL - 2026-10-02 18:29:16 --> CodeIgniter\Database\Exceptions\DatabaseException: Duplicate entry 'AC-2026-005' for key 'account_number'
[Method: POST, Route: account/store]
in SYSTEMPATH\Database\BaseConnection.php on line 688.
 1 SYSTEMPATH\Database\BaseBuilder.php(2340): CodeIgniter\Database\BaseConnection->query('INSERT INTO `customer_accounts` (`account_number`, `customer_name`, `address`, `phone`, `email`, `meter_number`, `connection_type`, `status`, `created_at`, `updated_at`) VALUES (:account_number:, :customer_name:, :address:, :phone:, :email:, :meter_number:, :connection_type:, :status:, :created_at:, :updated_at:)', [...], false)
 2 SYSTEMPATH\Model.php(394): CodeIgniter\Database\BaseBuilder->insert()
 3 SYSTEMPATH\BaseModel.php(840): CodeIgniter\Model->doInsert([...])
 4 SYSTEMPATH\Model.php(802): CodeIgniter\BaseModel->insert([...], true)
 5 APPPATH\Controllers\CustomerAccounts.php(90): CodeIgniter\Model->insert([...])
 6 SYSTEMPATH\CodeIgniter.php(933): App\Controllers\CustomerAccounts->store()
 7 SYSTEMPATH\CodeIgniter.php(509): CodeIgniter\CodeIgniter->runController(Object(App\Controllers\CustomerAccounts))
 8 SYSTEMPATH\CodeIgniter.php(355): CodeIgniter\CodeIgniter->handleRequest(null, Object(Config\Cache), false)
 9 SYSTEMPATH\Boot.php(325): CodeIgniter\CodeIgniter->run()
10 SYSTEMPATH\Boot.php(67): CodeIgniter\Boot::runCodeIgniter(Object(CodeIgniter\CodeIgniter))
11 FCPATH\index.php(56): CodeIgniter\Boot::bootWeb(Object(Config\Paths))
CRITICAL - 2026-10-02 18:29:16 --> [Caused by] CodeIgniter\Database\Exceptions\DatabaseException: Duplicate entry 'AC-2026-005' for key 'account_number'
in SYSTEMPATH\Database\MySQLi\Connection.php on line 317.
 1 SYSTEMPATH\Database\BaseConnection.php(734): CodeIgniter\Database\MySQLi\Connection->execute('INSERT INTO `customer_accounts` (`account_number`, `customer_name`, `address`, `phone`, `email`, `meter_number`, `connection_type`, `status`, `created_at`, `updated_at`) VALUES (\'AC-2026-005\', \'Mikasa Ackerman\', \'18 shishis, Nagoya\', \'09187634990\', \'mikasa@email.com\', \'MTR-10008\', \'residential\', \'active\', \'2026-10-02 18:29:16\', \'2026-10-02 18:29:16\')')
 2 SYSTEMPATH\Database\BaseConnection.php(648): CodeIgniter\Database\BaseConnection->simpleQuery('INSERT INTO `customer_accounts` (`account_number`, `customer_name`, `address`, `phone`, `email`, `meter_number`, `connection_type`, `status`, `created_at`, `updated_at`) VALUES (\'AC-2026-005\', \'Mikasa Ackerman\', \'18 shishis, Nagoya\', \'09187634990\', \'mikasa@email.com\', \'MTR-10008\', \'residential\', \'active\', \'2026-10-02 18:29:16\', \'2026-10-02 18:29:16\')')
 3 SYSTEMPATH\Database\BaseBuilder.php(2340): CodeIgniter\Database\BaseConnection->query('INSERT INTO `customer_accounts` (`account_number`, `customer_name`, `address`, `phone`, `email`, `meter_number`, `connection_type`, `status`, `created_at`, `updated_at`) VALUES (:account_number:, :customer_name:, :address:, :phone:, :email:, :meter_number:, :connection_type:, :status:, :created_at:, :updated_at:)', [...], false)
 4 SYSTEMPATH\Model.php(394): CodeIgniter\Database\BaseBuilder->insert()
 5 SYSTEMPATH\BaseModel.php(840): CodeIgniter\Model->doInsert([...])
 6 SYSTEMPATH\Model.php(802): CodeIgniter\BaseModel->insert([...], true)
 7 APPPATH\Controllers\CustomerAccounts.php(90): CodeIgniter\Model->insert([...])
 8 SYSTEMPATH\CodeIgniter.php(933): App\Controllers\CustomerAccounts->store()
 9 SYSTEMPATH\CodeIgniter.php(509): CodeIgniter\CodeIgniter->runController(Object(App\Controllers\CustomerAccounts))
10 SYSTEMPATH\CodeIgniter.php(355): CodeIgniter\CodeIgniter->handleRequest(null, Object(Config\Cache), false)
11 SYSTEMPATH\Boot.php(325): CodeIgniter\CodeIgniter->run()
12 SYSTEMPATH\Boot.php(67): CodeIgniter\Boot::runCodeIgniter(Object(CodeIgniter\CodeIgniter))
13 FCPATH\index.php(56): CodeIgniter\Boot::bootWeb(Object(Config\Paths))
CRITICAL - 2026-10-02 18:29:16 --> [Caused by] mysqli_sql_exception: Duplicate entry 'AC-2026-005' for key 'account_number'
in SYSTEMPATH\Database\MySQLi\Connection.php on line 312.
 1 SYSTEMPATH\Database\MySQLi\Connection.php(312): mysqli->query('INSERT INTO `customer_accounts` (`account_number`, `customer_name`, `address`, `phone`, `email`, `meter_number`, `connection_type`, `status`, `created_at`, `updated_at`) VALUES (\'AC-2026-005\', \'Mikasa Ackerman\', \'18 shishis, Nagoya\', \'09187634990\', \'mikasa@email.com\', \'MTR-10008\', \'residential\', \'active\', \'2026-10-02 18:29:16\', \'2026-10-02 18:29:16\')', 0)
 2 SYSTEMPATH\Database\BaseConnection.php(734): CodeIgniter\Database\MySQLi\Connection->execute('INSERT INTO `customer_accounts` (`account_number`, `customer_name`, `address`, `phone`, `email`, `meter_number`, `connection_type`, `status`, `created_at`, `updated_at`) VALUES (\'AC-2026-005\', \'Mikasa Ackerman\', \'18 shishis, Nagoya\', \'09187634990\', \'mikasa@email.com\', \'MTR-10008\', \'residential\', \'active\', \'2026-10-02 18:29:16\', \'2026-10-02 18:29:16\')')
 3 SYSTEMPATH\Database\BaseConnection.php(648): CodeIgniter\Database\BaseConnection->simpleQuery('INSERT INTO `customer_accounts` (`account_number`, `customer_name`, `address`, `phone`, `email`, `meter_number`, `connection_type`, `status`, `created_at`, `updated_at`) VALUES (\'AC-2026-005\', \'Mikasa Ackerman\', \'18 shishis, Nagoya\', \'09187634990\', \'mikasa@email.com\', \'MTR-10008\', \'residential\', \'active\', \'2026-10-02 18:29:16\', \'2026-10-02 18:29:16\')')
 4 SYSTEMPATH\Database\BaseBuilder.php(2340): CodeIgniter\Database\BaseConnection->query('INSERT INTO `customer_accounts` (`account_number`, `customer_name`, `address`, `phone`, `email`, `meter_number`, `connection_type`, `status`, `created_at`, `updated_at`) VALUES (:account_number:, :customer_name:, :address:, :phone:, :email:, :meter_number:, :connection_type:, :status:, :created_at:, :updated_at:)', [...], false)
 5 SYSTEMPATH\Model.php(394): CodeIgniter\Database\BaseBuilder->insert()
 6 SYSTEMPATH\BaseModel.php(840): CodeIgniter\Model->doInsert([...])
 7 SYSTEMPATH\Model.php(802): CodeIgniter\BaseModel->insert([...], true)
 8 APPPATH\Controllers\CustomerAccounts.php(90): CodeIgniter\Model->insert([...])
 9 SYSTEMPATH\CodeIgniter.php(933): App\Controllers\CustomerAccounts->store()
10 SYSTEMPATH\CodeIgniter.php(509): CodeIgniter\CodeIgniter->runController(Object(App\Controllers\CustomerAccounts))
11 SYSTEMPATH\CodeIgniter.php(355): CodeIgniter\CodeIgniter->handleRequest(null, Object(Config\Cache), false)
12 SYSTEMPATH\Boot.php(325): CodeIgniter\CodeIgniter->run()
13 SYSTEMPATH\Boot.php(67): CodeIgniter\Boot::runCodeIgniter(Object(CodeIgniter\CodeIgniter))
14 FCPATH\index.php(56): CodeIgniter\Boot::bootWeb(Object(Config\Paths))
ERROR - 2026-10-02 18:29:37 --> mysqli_sql_exception: Duplicate entry 'AC-2026-005' for key 'account_number' in C:\xampp\htdocs\electric_demo\system\Database\MySQLi\Connection.php:312
Stack trace:
#0 C:\xampp\htdocs\electric_demo\system\Database\MySQLi\Connection.php(312): mysqli->query('INSERT INTO `cu...', 0)
#1 C:\xampp\htdocs\electric_demo\system\Database\BaseConnection.php(734): CodeIgniter\Database\MySQLi\Connection->execute('INSERT INTO `cu...')
#2 C:\xampp\htdocs\electric_demo\system\Database\BaseConnection.php(648): CodeIgniter\Database\BaseConnection->simpleQuery('INSERT INTO `cu...')
#3 C:\xampp\htdocs\electric_demo\system\Database\BaseBuilder.php(2340): CodeIgniter\Database\BaseConnection->query('INSERT INTO `cu...', Array, false)
#4 C:\xampp\htdocs\electric_demo\system\Model.php(394): CodeIgniter\Database\BaseBuilder->insert()
#5 C:\xampp\htdocs\electric_demo\system\BaseModel.php(840): CodeIgniter\Model->doInsert(Array)
#6 C:\xampp\htdocs\electric_demo\system\Model.php(802): CodeIgniter\BaseModel->insert(Array, true)
#7 C:\xampp\htdocs\electric_demo\app\Controllers\CustomerAccounts.php(90): CodeIgniter\Model->insert(Array)
#8 C:\xampp\htdocs\electric_demo\system\CodeIgniter.php(933): App\Controllers\CustomerAccounts->store()
#9 C:\xampp\htdocs\electric_demo\system\CodeIgniter.php(509): CodeIgniter\CodeIgniter->runController(Object(App\Controllers\CustomerAccounts))
#10 C:\xampp\htdocs\electric_demo\system\CodeIgniter.php(355): CodeIgniter\CodeIgniter->handleRequest(NULL, Object(Config\Cache), false)
#11 C:\xampp\htdocs\electric_demo\system\Boot.php(325): CodeIgniter\CodeIgniter->run()
#12 C:\xampp\htdocs\electric_demo\system\Boot.php(67): CodeIgniter\Boot::runCodeIgniter(Object(CodeIgniter\CodeIgniter))
#13 C:\xampp\htdocs\electric_demo\index.php(56): CodeIgniter\Boot::bootWeb(Object(Config\Paths))
#14 {main}
CRITICAL - 2026-10-02 18:29:37 --> CodeIgniter\Database\Exceptions\DatabaseException: Duplicate entry 'AC-2026-005' for key 'account_number'
[Method: POST, Route: account/store]
in SYSTEMPATH\Database\BaseConnection.php on line 688.
 1 SYSTEMPATH\Database\BaseBuilder.php(2340): CodeIgniter\Database\BaseConnection->query('INSERT INTO `customer_accounts` (`account_number`, `customer_name`, `address`, `phone`, `email`, `meter_number`, `connection_type`, `status`, `created_at`, `updated_at`) VALUES (:account_number:, :customer_name:, :address:, :phone:, :email:, :meter_number:, :connection_type:, :status:, :created_at:, :updated_at:)', [...], false)
 2 SYSTEMPATH\Model.php(394): CodeIgniter\Database\BaseBuilder->insert()
 3 SYSTEMPATH\BaseModel.php(840): CodeIgniter\Model->doInsert([...])
 4 SYSTEMPATH\Model.php(802): CodeIgniter\BaseModel->insert([...], true)
 5 APPPATH\Controllers\CustomerAccounts.php(90): CodeIgniter\Model->insert([...])
 6 SYSTEMPATH\CodeIgniter.php(933): App\Controllers\CustomerAccounts->store()
 7 SYSTEMPATH\CodeIgniter.php(509): CodeIgniter\CodeIgniter->runController(Object(App\Controllers\CustomerAccounts))
 8 SYSTEMPATH\CodeIgniter.php(355): CodeIgniter\CodeIgniter->handleRequest(null, Object(Config\Cache), false)
 9 SYSTEMPATH\Boot.php(325): CodeIgniter\CodeIgniter->run()
10 SYSTEMPATH\Boot.php(67): CodeIgniter\Boot::runCodeIgniter(Object(CodeIgniter\CodeIgniter))
11 FCPATH\index.php(56): CodeIgniter\Boot::bootWeb(Object(Config\Paths))
CRITICAL - 2026-10-02 18:29:37 --> [Caused by] CodeIgniter\Database\Exceptions\DatabaseException: Duplicate entry 'AC-2026-005' for key 'account_number'
in SYSTEMPATH\Database\MySQLi\Connection.php on line 317.
 1 SYSTEMPATH\Database\BaseConnection.php(734): CodeIgniter\Database\MySQLi\Connection->execute('INSERT INTO `customer_accounts` (`account_number`, `customer_name`, `address`, `phone`, `email`, `meter_number`, `connection_type`, `status`, `created_at`, `updated_at`) VALUES (\'AC-2026-005\', \'Mikasa Ackerman\', \'18 shishis, Nagoya\', \'09187634990\', \'mikasa@email.com\', \'MTR-10008\', \'residential\', \'active\', \'2026-10-02 18:29:37\', \'2026-10-02 18:29:37\')')
 2 SYSTEMPATH\Database\BaseConnection.php(648): CodeIgniter\Database\BaseConnection->simpleQuery('INSERT INTO `customer_accounts` (`account_number`, `customer_name`, `address`, `phone`, `email`, `meter_number`, `connection_type`, `status`, `created_at`, `updated_at`) VALUES (\'AC-2026-005\', \'Mikasa Ackerman\', \'18 shishis, Nagoya\', \'09187634990\', \'mikasa@email.com\', \'MTR-10008\', \'residential\', \'active\', \'2026-10-02 18:29:37\', \'2026-10-02 18:29:37\')')
 3 SYSTEMPATH\Database\BaseBuilder.php(2340): CodeIgniter\Database\BaseConnection->query('INSERT INTO `customer_accounts` (`account_number`, `customer_name`, `address`, `phone`, `email`, `meter_number`, `connection_type`, `status`, `created_at`, `updated_at`) VALUES (:account_number:, :customer_name:, :address:, :phone:, :email:, :meter_number:, :connection_type:, :status:, :created_at:, :updated_at:)', [...], false)
 4 SYSTEMPATH\Model.php(394): CodeIgniter\Database\BaseBuilder->insert()
 5 SYSTEMPATH\BaseModel.php(840): CodeIgniter\Model->doInsert([...])
 6 SYSTEMPATH\Model.php(802): CodeIgniter\BaseModel->insert([...], true)
 7 APPPATH\Controllers\CustomerAccounts.php(90): CodeIgniter\Model->insert([...])
 8 SYSTEMPATH\CodeIgniter.php(933): App\Controllers\CustomerAccounts->store()
 9 SYSTEMPATH\CodeIgniter.php(509): CodeIgniter\CodeIgniter->runController(Object(App\Controllers\CustomerAccounts))
10 SYSTEMPATH\CodeIgniter.php(355): CodeIgniter\CodeIgniter->handleRequest(null, Object(Config\Cache), false)
11 SYSTEMPATH\Boot.php(325): CodeIgniter\CodeIgniter->run()
12 SYSTEMPATH\Boot.php(67): CodeIgniter\Boot::runCodeIgniter(Object(CodeIgniter\CodeIgniter))
13 FCPATH\index.php(56): CodeIgniter\Boot::bootWeb(Object(Config\Paths))
CRITICAL - 2026-10-02 18:29:37 --> [Caused by] mysqli_sql_exception: Duplicate entry 'AC-2026-005' for key 'account_number'
in SYSTEMPATH\Database\MySQLi\Connection.php on line 312.
 1 SYSTEMPATH\Database\MySQLi\Connection.php(312): mysqli->query('INSERT INTO `customer_accounts` (`account_number`, `customer_name`, `address`, `phone`, `email`, `meter_number`, `connection_type`, `status`, `created_at`, `updated_at`) VALUES (\'AC-2026-005\', \'Mikasa Ackerman\', \'18 shishis, Nagoya\', \'09187634990\', \'mikasa@email.com\', \'MTR-10008\', \'residential\', \'active\', \'2026-10-02 18:29:37\', \'2026-10-02 18:29:37\')', 0)
 2 SYSTEMPATH\Database\BaseConnection.php(734): CodeIgniter\Database\MySQLi\Connection->execute('INSERT INTO `customer_accounts` (`account_number`, `customer_name`, `address`, `phone`, `email`, `meter_number`, `connection_type`, `status`, `created_at`, `updated_at`) VALUES (\'AC-2026-005\', \'Mikasa Ackerman\', \'18 shishis, Nagoya\', \'09187634990\', \'mikasa@email.com\', \'MTR-10008\', \'residential\', \'active\', \'2026-10-02 18:29:37\', \'2026-10-02 18:29:37\')')
 3 SYSTEMPATH\Database\BaseConnection.php(648): CodeIgniter\Database\BaseConnection->simpleQuery('INSERT INTO `customer_accounts` (`account_number`, `customer_name`, `address`, `phone`, `email`, `meter_number`, `connection_type`, `status`, `created_at`, `updated_at`) VALUES (\'AC-2026-005\', \'Mikasa Ackerman\', \'18 shishis, Nagoya\', \'09187634990\', \'mikasa@email.com\', \'MTR-10008\', \'residential\', \'active\', \'2026-10-02 18:29:37\', \'2026-10-02 18:29:37\')')
 4 SYSTEMPATH\Database\BaseBuilder.php(2340): CodeIgniter\Database\BaseConnection->query('INSERT INTO `customer_accounts` (`account_number`, `customer_name`, `address`, `phone`, `email`, `meter_number`, `connection_type`, `status`, `created_at`, `updated_at`) VALUES (:account_number:, :customer_name:, :address:, :phone:, :email:, :meter_number:, :connection_type:, :status:, :created_at:, :updated_at:)', [...], false)
 5 SYSTEMPATH\Model.php(394): CodeIgniter\Database\BaseBuilder->insert()
 6 SYSTEMPATH\BaseModel.php(840): CodeIgniter\Model->doInsert([...])
 7 SYSTEMPATH\Model.php(802): CodeIgniter\BaseModel->insert([...], true)
 8 APPPATH\Controllers\CustomerAccounts.php(90): CodeIgniter\Model->insert([...])
 9 SYSTEMPATH\CodeIgniter.php(933): App\Controllers\CustomerAccounts->store()
10 SYSTEMPATH\CodeIgniter.php(509): CodeIgniter\CodeIgniter->runController(Object(App\Controllers\CustomerAccounts))
11 SYSTEMPATH\CodeIgniter.php(355): CodeIgniter\CodeIgniter->handleRequest(null, Object(Config\Cache), false)
12 SYSTEMPATH\Boot.php(325): CodeIgniter\CodeIgniter->run()
13 SYSTEMPATH\Boot.php(67): CodeIgniter\Boot::runCodeIgniter(Object(CodeIgniter\CodeIgniter))
14 FCPATH\index.php(56): CodeIgniter\Boot::bootWeb(Object(Config\Paths))
ERROR - 2026-10-02 18:29:59 --> mysqli_sql_exception: Duplicate entry 'AC-2026-005' for key 'account_number' in C:\xampp\htdocs\electric_demo\system\Database\MySQLi\Connection.php:312
Stack trace:
#0 C:\xampp\htdocs\electric_demo\system\Database\MySQLi\Connection.php(312): mysqli->query('INSERT INTO `cu...', 0)
#1 C:\xampp\htdocs\electric_demo\system\Database\BaseConnection.php(734): CodeIgniter\Database\MySQLi\Connection->execute('INSERT INTO `cu...')
#2 C:\xampp\htdocs\electric_demo\system\Database\BaseConnection.php(648): CodeIgniter\Database\BaseConnection->simpleQuery('INSERT INTO `cu...')
#3 C:\xampp\htdocs\electric_demo\system\Database\BaseBuilder.php(2340): CodeIgniter\Database\BaseConnection->query('INSERT INTO `cu...', Array, false)
#4 C:\xampp\htdocs\electric_demo\system\Model.php(394): CodeIgniter\Database\BaseBuilder->insert()
#5 C:\xampp\htdocs\electric_demo\system\BaseModel.php(840): CodeIgniter\Model->doInsert(Array)
#6 C:\xampp\htdocs\electric_demo\system\Model.php(802): CodeIgniter\BaseModel->insert(Array, true)
#7 C:\xampp\htdocs\electric_demo\app\Controllers\CustomerAccounts.php(90): CodeIgniter\Model->insert(Array)
#8 C:\xampp\htdocs\electric_demo\system\CodeIgniter.php(933): App\Controllers\CustomerAccounts->store()
#9 C:\xampp\htdocs\electric_demo\system\CodeIgniter.php(509): CodeIgniter\CodeIgniter->runController(Object(App\Controllers\CustomerAccounts))
#10 C:\xampp\htdocs\electric_demo\system\CodeIgniter.php(355): CodeIgniter\CodeIgniter->handleRequest(NULL, Object(Config\Cache), false)
#11 C:\xampp\htdocs\electric_demo\system\Boot.php(325): CodeIgniter\CodeIgniter->run()
#12 C:\xampp\htdocs\electric_demo\system\Boot.php(67): CodeIgniter\Boot::runCodeIgniter(Object(CodeIgniter\CodeIgniter))
#13 C:\xampp\htdocs\electric_demo\index.php(56): CodeIgniter\Boot::bootWeb(Object(Config\Paths))
#14 {main}
CRITICAL - 2026-10-02 18:29:59 --> CodeIgniter\Database\Exceptions\DatabaseException: Duplicate entry 'AC-2026-005' for key 'account_number'
[Method: POST, Route: account/store]
in SYSTEMPATH\Database\BaseConnection.php on line 688.
 1 SYSTEMPATH\Database\BaseBuilder.php(2340): CodeIgniter\Database\BaseConnection->query('INSERT INTO `customer_accounts` (`account_number`, `customer_name`, `address`, `phone`, `email`, `meter_number`, `connection_type`, `status`, `created_at`, `updated_at`) VALUES (:account_number:, :customer_name:, :address:, :phone:, :email:, :meter_number:, :connection_type:, :status:, :created_at:, :updated_at:)', [...], false)
 2 SYSTEMPATH\Model.php(394): CodeIgniter\Database\BaseBuilder->insert()
 3 SYSTEMPATH\BaseModel.php(840): CodeIgniter\Model->doInsert([...])
 4 SYSTEMPATH\Model.php(802): CodeIgniter\BaseModel->insert([...], true)
 5 APPPATH\Controllers\CustomerAccounts.php(90): CodeIgniter\Model->insert([...])
 6 SYSTEMPATH\CodeIgniter.php(933): App\Controllers\CustomerAccounts->store()
 7 SYSTEMPATH\CodeIgniter.php(509): CodeIgniter\CodeIgniter->runController(Object(App\Controllers\CustomerAccounts))
 8 SYSTEMPATH\CodeIgniter.php(355): CodeIgniter\CodeIgniter->handleRequest(null, Object(Config\Cache), false)
 9 SYSTEMPATH\Boot.php(325): CodeIgniter\CodeIgniter->run()
10 SYSTEMPATH\Boot.php(67): CodeIgniter\Boot::runCodeIgniter(Object(CodeIgniter\CodeIgniter))
11 FCPATH\index.php(56): CodeIgniter\Boot::bootWeb(Object(Config\Paths))
CRITICAL - 2026-10-02 18:29:59 --> [Caused by] CodeIgniter\Database\Exceptions\DatabaseException: Duplicate entry 'AC-2026-005' for key 'account_number'
in SYSTEMPATH\Database\MySQLi\Connection.php on line 317.
 1 SYSTEMPATH\Database\BaseConnection.php(734): CodeIgniter\Database\MySQLi\Connection->execute('INSERT INTO `customer_accounts` (`account_number`, `customer_name`, `address`, `phone`, `email`, `meter_number`, `connection_type`, `status`, `created_at`, `updated_at`) VALUES (\'AC-2026-005\', \'Mikasa Ackerman\', \'18 shishis, Nagoya\', \'09187634990\', \'mikasa@email.com\', \'MTR-10008\', \'residential\', \'active\', \'2026-10-02 18:29:59\', \'2026-10-02 18:29:59\')')
 2 SYSTEMPATH\Database\BaseConnection.php(648): CodeIgniter\Database\BaseConnection->simpleQuery('INSERT INTO `customer_accounts` (`account_number`, `customer_name`, `address`, `phone`, `email`, `meter_number`, `connection_type`, `status`, `created_at`, `updated_at`) VALUES (\'AC-2026-005\', \'Mikasa Ackerman\', \'18 shishis, Nagoya\', \'09187634990\', \'mikasa@email.com\', \'MTR-10008\', \'residential\', \'active\', \'2026-10-02 18:29:59\', \'2026-10-02 18:29:59\')')
 3 SYSTEMPATH\Database\BaseBuilder.php(2340): CodeIgniter\Database\BaseConnection->query('INSERT INTO `customer_accounts` (`account_number`, `customer_name`, `address`, `phone`, `email`, `meter_number`, `connection_type`, `status`, `created_at`, `updated_at`) VALUES (:account_number:, :customer_name:, :address:, :phone:, :email:, :meter_number:, :connection_type:, :status:, :created_at:, :updated_at:)', [...], false)
 4 SYSTEMPATH\Model.php(394): CodeIgniter\Database\BaseBuilder->insert()
 5 SYSTEMPATH\BaseModel.php(840): CodeIgniter\Model->doInsert([...])
 6 SYSTEMPATH\Model.php(802): CodeIgniter\BaseModel->insert([...], true)
 7 APPPATH\Controllers\CustomerAccounts.php(90): CodeIgniter\Model->insert([...])
 8 SYSTEMPATH\CodeIgniter.php(933): App\Controllers\CustomerAccounts->store()
 9 SYSTEMPATH\CodeIgniter.php(509): CodeIgniter\CodeIgniter->runController(Object(App\Controllers\CustomerAccounts))
10 SYSTEMPATH\CodeIgniter.php(355): CodeIgniter\CodeIgniter->handleRequest(null, Object(Config\Cache), false)
11 SYSTEMPATH\Boot.php(325): CodeIgniter\CodeIgniter->run()
12 SYSTEMPATH\Boot.php(67): CodeIgniter\Boot::runCodeIgniter(Object(CodeIgniter\CodeIgniter))
13 FCPATH\index.php(56): CodeIgniter\Boot::bootWeb(Object(Config\Paths))
CRITICAL - 2026-10-02 18:29:59 --> [Caused by] mysqli_sql_exception: Duplicate entry 'AC-2026-005' for key 'account_number'
in SYSTEMPATH\Database\MySQLi\Connection.php on line 312.
 1 SYSTEMPATH\Database\MySQLi\Connection.php(312): mysqli->query('INSERT INTO `customer_accounts` (`account_number`, `customer_name`, `address`, `phone`, `email`, `meter_number`, `connection_type`, `status`, `created_at`, `updated_at`) VALUES (\'AC-2026-005\', \'Mikasa Ackerman\', \'18 shishis, Nagoya\', \'09187634990\', \'mikasa@email.com\', \'MTR-10008\', \'residential\', \'active\', \'2026-10-02 18:29:59\', \'2026-10-02 18:29:59\')', 0)
 2 SYSTEMPATH\Database\BaseConnection.php(734): CodeIgniter\Database\MySQLi\Connection->execute('INSERT INTO `customer_accounts` (`account_number`, `customer_name`, `address`, `phone`, `email`, `meter_number`, `connection_type`, `status`, `created_at`, `updated_at`) VALUES (\'AC-2026-005\', \'Mikasa Ackerman\', \'18 shishis, Nagoya\', \'09187634990\', \'mikasa@email.com\', \'MTR-10008\', \'residential\', \'active\', \'2026-10-02 18:29:59\', \'2026-10-02 18:29:59\')')
 3 SYSTEMPATH\Database\BaseConnection.php(648): CodeIgniter\Database\BaseConnection->simpleQuery('INSERT INTO `customer_accounts` (`account_number`, `customer_name`, `address`, `phone`, `email`, `meter_number`, `connection_type`, `status`, `created_at`, `updated_at`) VALUES (\'AC-2026-005\', \'Mikasa Ackerman\', \'18 shishis, Nagoya\', \'09187634990\', \'mikasa@email.com\', \'MTR-10008\', \'residential\', \'active\', \'2026-10-02 18:29:59\', \'2026-10-02 18:29:59\')')
 4 SYSTEMPATH\Database\BaseBuilder.php(2340): CodeIgniter\Database\BaseConnection->query('INSERT INTO `customer_accounts` (`account_number`, `customer_name`, `address`, `phone`, `email`, `meter_number`, `connection_type`, `status`, `created_at`, `updated_at`) VALUES (:account_number:, :customer_name:, :address:, :phone:, :email:, :meter_number:, :connection_type:, :status:, :created_at:, :updated_at:)', [...], false)
 5 SYSTEMPATH\Model.php(394): CodeIgniter\Database\BaseBuilder->insert()
 6 SYSTEMPATH\BaseModel.php(840): CodeIgniter\Model->doInsert([...])
 7 SYSTEMPATH\Model.php(802): CodeIgniter\BaseModel->insert([...], true)
 8 APPPATH\Controllers\CustomerAccounts.php(90): CodeIgniter\Model->insert([...])
 9 SYSTEMPATH\CodeIgniter.php(933): App\Controllers\CustomerAccounts->store()
10 SYSTEMPATH\CodeIgniter.php(509): CodeIgniter\CodeIgniter->runController(Object(App\Controllers\CustomerAccounts))
11 SYSTEMPATH\CodeIgniter.php(355): CodeIgniter\CodeIgniter->handleRequest(null, Object(Config\Cache), false)
12 SYSTEMPATH\Boot.php(325): CodeIgniter\CodeIgniter->run()
13 SYSTEMPATH\Boot.php(67): CodeIgniter\Boot::runCodeIgniter(Object(CodeIgniter\CodeIgniter))
14 FCPATH\index.php(56): CodeIgniter\Boot::bootWeb(Object(Config\Paths))
CRITICAL - 2026-10-02 19:01:15 --> CodeIgniter\View\Exceptions\ViewException: Invalid file: "login_success.php"
[Method: GET, Route: login-success]
in SYSTEMPATH\Exceptions\FrameworkException.php on line 41.
 1 SYSTEMPATH\View\View.php(222): CodeIgniter\Exceptions\FrameworkException::forInvalidFile('login_success.php')
 2 SYSTEMPATH\Common.php(1171): CodeIgniter\View\View->render('login_success', [], true)
 3 APPPATH\Controllers\Login.php(36): view('login_success', [...])
 4 SYSTEMPATH\CodeIgniter.php(933): App\Controllers\Login->loginSuccess()
 5 SYSTEMPATH\CodeIgniter.php(509): CodeIgniter\CodeIgniter->runController(Object(App\Controllers\Login))
 6 SYSTEMPATH\CodeIgniter.php(355): CodeIgniter\CodeIgniter->handleRequest(null, Object(Config\Cache), false)
 7 SYSTEMPATH\Boot.php(325): CodeIgniter\CodeIgniter->run()
 8 SYSTEMPATH\Boot.php(67): CodeIgniter\Boot::runCodeIgniter(Object(CodeIgniter\CodeIgniter))
 9 FCPATH\index.php(56): CodeIgniter\Boot::bootWeb(Object(Config\Paths))
CRITICAL - 2026-10-02 19:01:17 --> CodeIgniter\View\Exceptions\ViewException: Invalid file: "login_success.php"
[Method: GET, Route: login-success]
in SYSTEMPATH\Exceptions\FrameworkException.php on line 41.
 1 SYSTEMPATH\View\View.php(222): CodeIgniter\Exceptions\FrameworkException::forInvalidFile('login_success.php')
 2 SYSTEMPATH\Common.php(1171): CodeIgniter\View\View->render('login_success', [], true)
 3 APPPATH\Controllers\Login.php(36): view('login_success', [...])
 4 SYSTEMPATH\CodeIgniter.php(933): App\Controllers\Login->loginSuccess()
 5 SYSTEMPATH\CodeIgniter.php(509): CodeIgniter\CodeIgniter->runController(Object(App\Controllers\Login))
 6 SYSTEMPATH\CodeIgniter.php(355): CodeIgniter\CodeIgniter->handleRequest(null, Object(Config\Cache), false)
 7 SYSTEMPATH\Boot.php(325): CodeIgniter\CodeIgniter->run()
 8 SYSTEMPATH\Boot.php(67): CodeIgniter\Boot::runCodeIgniter(Object(CodeIgniter\CodeIgniter))
 9 FCPATH\index.php(56): CodeIgniter\Boot::bootWeb(Object(Config\Paths))
CRITICAL - 2026-10-02 19:01:28 --> CodeIgniter\View\Exceptions\ViewException: Invalid file: "login_success.php"
[Method: GET, Route: login-success]
in SYSTEMPATH\Exceptions\FrameworkException.php on line 41.
 1 SYSTEMPATH\View\View.php(222): CodeIgniter\Exceptions\FrameworkException::forInvalidFile('login_success.php')
 2 SYSTEMPATH\Common.php(1171): CodeIgniter\View\View->render('login_success', [], true)
 3 APPPATH\Controllers\Login.php(36): view('login_success', [...])
 4 SYSTEMPATH\CodeIgniter.php(933): App\Controllers\Login->loginSuccess()
 5 SYSTEMPATH\CodeIgniter.php(509): CodeIgniter\CodeIgniter->runController(Object(App\Controllers\Login))
 6 SYSTEMPATH\CodeIgniter.php(355): CodeIgniter\CodeIgniter->handleRequest(null, Object(Config\Cache), false)
 7 SYSTEMPATH\Boot.php(325): CodeIgniter\CodeIgniter->run()
 8 SYSTEMPATH\Boot.php(67): CodeIgniter\Boot::runCodeIgniter(Object(CodeIgniter\CodeIgniter))
 9 FCPATH\index.php(56): CodeIgniter\Boot::bootWeb(Object(Config\Paths))
